<?xml version="1.0"?>
<link_info>
   <banner>TI ARM Linker PC v16.9.6.LTS</banner>
   <copyright>Copyright (c) 1996-2017 Texas Instruments Incorporated</copyright>
   <link_time>0x67346164</link_time>
   <link_errors>0x0</link_errors>
   <output_file>Lab5_UARTComms.out</output_file>
   <entry_point>
      <name>_c_int00</name>
      <address>0x4231</address>
   </entry_point>
   <input_file_list>
      <input_file id="fl-2">
         <path>.\</path>
         <kind>object</kind>
         <file>ADC14.obj</file>
         <name>ADC14.obj</name>
      </input_file>
      <input_file id="fl-3">
         <path>.\</path>
         <kind>object</kind>
         <file>BumpInt.obj</file>
         <name>BumpInt.obj</name>
      </input_file>
      <input_file id="fl-4">
         <path>.\</path>
         <kind>object</kind>
         <file>Clock.obj</file>
         <name>Clock.obj</name>
      </input_file>
      <input_file id="fl-5">
         <path>.\</path>
         <kind>object</kind>
         <file>CortexM.obj</file>
         <name>CortexM.obj</name>
      </input_file>
      <input_file id="fl-6">
         <path>.\</path>
         <kind>object</kind>
         <file>EUSCIA0.obj</file>
         <name>EUSCIA0.obj</name>
      </input_file>
      <input_file id="fl-7">
         <path>.\</path>
         <kind>object</kind>
         <file>FIFO0.obj</file>
         <name>FIFO0.obj</name>
      </input_file>
      <input_file id="fl-8">
         <path>.\</path>
         <kind>object</kind>
         <file>IRDistance.obj</file>
         <name>IRDistance.obj</name>
      </input_file>
      <input_file id="fl-9">
         <path>.\</path>
         <kind>object</kind>
         <file>LPF.obj</file>
         <name>LPF.obj</name>
      </input_file>
      <input_file id="fl-a">
         <path>.\</path>
         <kind>object</kind>
         <file>Lab5_UARTmain.obj</file>
         <name>Lab5_UARTmain.obj</name>
      </input_file>
      <input_file id="fl-b">
         <path>.\</path>
         <kind>object</kind>
         <file>LaunchPad.obj</file>
         <name>LaunchPad.obj</name>
      </input_file>
      <input_file id="fl-c">
         <path>.\</path>
         <kind>object</kind>
         <file>Motor.obj</file>
         <name>Motor.obj</name>
      </input_file>
      <input_file id="fl-d">
         <path>.\</path>
         <kind>object</kind>
         <file>PWM.obj</file>
         <name>PWM.obj</name>
      </input_file>
      <input_file id="fl-e">
         <path>.\</path>
         <kind>object</kind>
         <file>Reflectance.obj</file>
         <name>Reflectance.obj</name>
      </input_file>
      <input_file id="fl-f">
         <path>.\</path>
         <kind>object</kind>
         <file>SysTickInts.obj</file>
         <name>SysTickInts.obj</name>
      </input_file>
      <input_file id="fl-10">
         <path>.\</path>
         <kind>object</kind>
         <file>TA3InputCapture.obj</file>
         <name>TA3InputCapture.obj</name>
      </input_file>
      <input_file id="fl-11">
         <path>.\</path>
         <kind>object</kind>
         <file>TimerA1.obj</file>
         <name>TimerA1.obj</name>
      </input_file>
      <input_file id="fl-12">
         <path>.\</path>
         <kind>object</kind>
         <file>UART0.obj</file>
         <name>UART0.obj</name>
      </input_file>
      <input_file id="fl-13">
         <path>.\</path>
         <kind>object</kind>
         <file>startup_msp432p401r_ccs.obj</file>
         <name>startup_msp432p401r_ccs.obj</name>
      </input_file>
      <input_file id="fl-14">
         <path>.\</path>
         <kind>object</kind>
         <file>system_msp432p401r.obj</file>
         <name>system_msp432p401r.obj</name>
      </input_file>
      <input_file id="fl-18">
         <kind>object</kind>
         <file>&lt;internal&gt;</file>
         <name>&lt;internal&gt;</name>
      </input_file>
      <input_file id="fl-ce">
         <path>C:\ti\ccsv7\tools\compiler\ti-cgt-arm_16.9.6.LTS\lib\</path>
         <kind>archive</kind>
         <file>rtsv7M4_T_le_v4SPD16_eabi.lib</file>
         <name>add_device.obj</name>
      </input_file>
      <input_file id="fl-cf">
         <path>C:\ti\ccsv7\tools\compiler\ti-cgt-arm_16.9.6.LTS\lib\</path>
         <kind>archive</kind>
         <file>rtsv7M4_T_le_v4SPD16_eabi.lib</file>
         <name>boot.obj</name>
      </input_file>
      <input_file id="fl-d0">
         <path>C:\ti\ccsv7\tools\compiler\ti-cgt-arm_16.9.6.LTS\lib\</path>
         <kind>archive</kind>
         <file>rtsv7M4_T_le_v4SPD16_eabi.lib</file>
         <name>copy_decompress_lzss.obj</name>
      </input_file>
      <input_file id="fl-d1">
         <path>C:\ti\ccsv7\tools\compiler\ti-cgt-arm_16.9.6.LTS\lib\</path>
         <kind>archive</kind>
         <file>rtsv7M4_T_le_v4SPD16_eabi.lib</file>
         <name>copy_decompress_none.obj</name>
      </input_file>
      <input_file id="fl-d2">
         <path>C:\ti\ccsv7\tools\compiler\ti-cgt-arm_16.9.6.LTS\lib\</path>
         <kind>archive</kind>
         <file>rtsv7M4_T_le_v4SPD16_eabi.lib</file>
         <name>copy_zero_init.obj</name>
      </input_file>
      <input_file id="fl-d3">
         <path>C:\ti\ccsv7\tools\compiler\ti-cgt-arm_16.9.6.LTS\lib\</path>
         <kind>archive</kind>
         <file>rtsv7M4_T_le_v4SPD16_eabi.lib</file>
         <name>defs.obj</name>
      </input_file>
      <input_file id="fl-d4">
         <path>C:\ti\ccsv7\tools\compiler\ti-cgt-arm_16.9.6.LTS\lib\</path>
         <kind>archive</kind>
         <file>rtsv7M4_T_le_v4SPD16_eabi.lib</file>
         <name>exit.obj</name>
      </input_file>
      <input_file id="fl-d5">
         <path>C:\ti\ccsv7\tools\compiler\ti-cgt-arm_16.9.6.LTS\lib\</path>
         <kind>archive</kind>
         <file>rtsv7M4_T_le_v4SPD16_eabi.lib</file>
         <name>fopen.obj</name>
      </input_file>
      <input_file id="fl-d6">
         <path>C:\ti\ccsv7\tools\compiler\ti-cgt-arm_16.9.6.LTS\lib\</path>
         <kind>archive</kind>
         <file>rtsv7M4_T_le_v4SPD16_eabi.lib</file>
         <name>getdevice.obj</name>
      </input_file>
      <input_file id="fl-d7">
         <path>C:\ti\ccsv7\tools\compiler\ti-cgt-arm_16.9.6.LTS\lib\</path>
         <kind>archive</kind>
         <file>rtsv7M4_T_le_v4SPD16_eabi.lib</file>
         <name>memcpy_t2.obj</name>
      </input_file>
      <input_file id="fl-d8">
         <path>C:\ti\ccsv7\tools\compiler\ti-cgt-arm_16.9.6.LTS\lib\</path>
         <kind>archive</kind>
         <file>rtsv7M4_T_le_v4SPD16_eabi.lib</file>
         <name>memset_t2.obj</name>
      </input_file>
      <input_file id="fl-d9">
         <path>C:\ti\ccsv7\tools\compiler\ti-cgt-arm_16.9.6.LTS\lib\</path>
         <kind>archive</kind>
         <file>rtsv7M4_T_le_v4SPD16_eabi.lib</file>
         <name>mpu_init.obj</name>
      </input_file>
      <input_file id="fl-da">
         <path>C:\ti\ccsv7\tools\compiler\ti-cgt-arm_16.9.6.LTS\lib\</path>
         <kind>archive</kind>
         <file>rtsv7M4_T_le_v4SPD16_eabi.lib</file>
         <name>open.obj</name>
      </input_file>
      <input_file id="fl-db">
         <path>C:\ti\ccsv7\tools\compiler\ti-cgt-arm_16.9.6.LTS\lib\</path>
         <kind>archive</kind>
         <file>rtsv7M4_T_le_v4SPD16_eabi.lib</file>
         <name>pre_init.obj</name>
      </input_file>
      <input_file id="fl-dc">
         <path>C:\ti\ccsv7\tools\compiler\ti-cgt-arm_16.9.6.LTS\lib\</path>
         <kind>archive</kind>
         <file>rtsv7M4_T_le_v4SPD16_eabi.lib</file>
         <name>setvbuf.obj</name>
      </input_file>
      <input_file id="fl-dd">
         <path>C:\ti\ccsv7\tools\compiler\ti-cgt-arm_16.9.6.LTS\lib\</path>
         <kind>archive</kind>
         <file>rtsv7M4_T_le_v4SPD16_eabi.lib</file>
         <name>stkdepth_vars.obj</name>
      </input_file>
      <input_file id="fl-de">
         <path>C:\ti\ccsv7\tools\compiler\ti-cgt-arm_16.9.6.LTS\lib\</path>
         <kind>archive</kind>
         <file>rtsv7M4_T_le_v4SPD16_eabi.lib</file>
         <name>strchr.obj</name>
      </input_file>
      <input_file id="fl-df">
         <path>C:\ti\ccsv7\tools\compiler\ti-cgt-arm_16.9.6.LTS\lib\</path>
         <kind>archive</kind>
         <file>rtsv7M4_T_le_v4SPD16_eabi.lib</file>
         <name>strcmp.obj</name>
      </input_file>
      <input_file id="fl-e0">
         <path>C:\ti\ccsv7\tools\compiler\ti-cgt-arm_16.9.6.LTS\lib\</path>
         <kind>archive</kind>
         <file>rtsv7M4_T_le_v4SPD16_eabi.lib</file>
         <name>strncpy.obj</name>
      </input_file>
      <input_file id="fl-e1">
         <path>C:\ti\ccsv7\tools\compiler\ti-cgt-arm_16.9.6.LTS\lib\</path>
         <kind>archive</kind>
         <file>rtsv7M4_T_le_v4SPD16_eabi.lib</file>
         <name>write.obj</name>
      </input_file>
      <input_file id="fl-e2">
         <path>C:\ti\ccsv7\tools\compiler\ti-cgt-arm_16.9.6.LTS\lib\</path>
         <kind>archive</kind>
         <file>rtsv7M4_T_le_v4SPD16_eabi.lib</file>
         <name>_lock.obj</name>
      </input_file>
      <input_file id="fl-e3">
         <path>C:\ti\ccsv7\tools\compiler\ti-cgt-arm_16.9.6.LTS\lib\</path>
         <kind>archive</kind>
         <file>rtsv7M4_T_le_v4SPD16_eabi.lib</file>
         <name>args_main.obj</name>
      </input_file>
      <input_file id="fl-e4">
         <path>C:\ti\ccsv7\tools\compiler\ti-cgt-arm_16.9.6.LTS\lib\</path>
         <kind>archive</kind>
         <file>rtsv7M4_T_le_v4SPD16_eabi.lib</file>
         <name>autoinit.obj</name>
      </input_file>
      <input_file id="fl-e5">
         <path>C:\ti\ccsv7\tools\compiler\ti-cgt-arm_16.9.6.LTS\lib\</path>
         <kind>archive</kind>
         <file>rtsv7M4_T_le_v4SPD16_eabi.lib</file>
         <name>cpy_tbl.obj</name>
      </input_file>
      <input_file id="fl-e6">
         <path>C:\ti\ccsv7\tools\compiler\ti-cgt-arm_16.9.6.LTS\lib\</path>
         <kind>archive</kind>
         <file>rtsv7M4_T_le_v4SPD16_eabi.lib</file>
         <name>fclose.obj</name>
      </input_file>
      <input_file id="fl-e7">
         <path>C:\ti\ccsv7\tools\compiler\ti-cgt-arm_16.9.6.LTS\lib\</path>
         <kind>archive</kind>
         <file>rtsv7M4_T_le_v4SPD16_eabi.lib</file>
         <name>fflush.obj</name>
      </input_file>
      <input_file id="fl-e8">
         <path>C:\ti\ccsv7\tools\compiler\ti-cgt-arm_16.9.6.LTS\lib\</path>
         <kind>archive</kind>
         <file>rtsv7M4_T_le_v4SPD16_eabi.lib</file>
         <name>hostclose.obj</name>
      </input_file>
      <input_file id="fl-e9">
         <path>C:\ti\ccsv7\tools\compiler\ti-cgt-arm_16.9.6.LTS\lib\</path>
         <kind>archive</kind>
         <file>rtsv7M4_T_le_v4SPD16_eabi.lib</file>
         <name>hostlseek.obj</name>
      </input_file>
      <input_file id="fl-ea">
         <path>C:\ti\ccsv7\tools\compiler\ti-cgt-arm_16.9.6.LTS\lib\</path>
         <kind>archive</kind>
         <file>rtsv7M4_T_le_v4SPD16_eabi.lib</file>
         <name>hostopen.obj</name>
      </input_file>
      <input_file id="fl-eb">
         <path>C:\ti\ccsv7\tools\compiler\ti-cgt-arm_16.9.6.LTS\lib\</path>
         <kind>archive</kind>
         <file>rtsv7M4_T_le_v4SPD16_eabi.lib</file>
         <name>hostread.obj</name>
      </input_file>
      <input_file id="fl-ec">
         <path>C:\ti\ccsv7\tools\compiler\ti-cgt-arm_16.9.6.LTS\lib\</path>
         <kind>archive</kind>
         <file>rtsv7M4_T_le_v4SPD16_eabi.lib</file>
         <name>hostrename.obj</name>
      </input_file>
      <input_file id="fl-ed">
         <path>C:\ti\ccsv7\tools\compiler\ti-cgt-arm_16.9.6.LTS\lib\</path>
         <kind>archive</kind>
         <file>rtsv7M4_T_le_v4SPD16_eabi.lib</file>
         <name>hostunlink.obj</name>
      </input_file>
      <input_file id="fl-ee">
         <path>C:\ti\ccsv7\tools\compiler\ti-cgt-arm_16.9.6.LTS\lib\</path>
         <kind>archive</kind>
         <file>rtsv7M4_T_le_v4SPD16_eabi.lib</file>
         <name>hostwrite.obj</name>
      </input_file>
      <input_file id="fl-ef">
         <path>C:\ti\ccsv7\tools\compiler\ti-cgt-arm_16.9.6.LTS\lib\</path>
         <kind>archive</kind>
         <file>rtsv7M4_T_le_v4SPD16_eabi.lib</file>
         <name>memory.obj</name>
      </input_file>
      <input_file id="fl-f0">
         <path>C:\ti\ccsv7\tools\compiler\ti-cgt-arm_16.9.6.LTS\lib\</path>
         <kind>archive</kind>
         <file>rtsv7M4_T_le_v4SPD16_eabi.lib</file>
         <name>remove.obj</name>
      </input_file>
      <input_file id="fl-f1">
         <path>C:\ti\ccsv7\tools\compiler\ti-cgt-arm_16.9.6.LTS\lib\</path>
         <kind>archive</kind>
         <file>rtsv7M4_T_le_v4SPD16_eabi.lib</file>
         <name>startup.obj</name>
      </input_file>
      <input_file id="fl-f2">
         <path>C:\ti\ccsv7\tools\compiler\ti-cgt-arm_16.9.6.LTS\lib\</path>
         <kind>archive</kind>
         <file>rtsv7M4_T_le_v4SPD16_eabi.lib</file>
         <name>strcpy.obj</name>
      </input_file>
      <input_file id="fl-f3">
         <path>C:\ti\ccsv7\tools\compiler\ti-cgt-arm_16.9.6.LTS\lib\</path>
         <kind>archive</kind>
         <file>rtsv7M4_T_le_v4SPD16_eabi.lib</file>
         <name>strlen.obj</name>
      </input_file>
      <input_file id="fl-f4">
         <path>C:\ti\ccsv7\tools\compiler\ti-cgt-arm_16.9.6.LTS\lib\</path>
         <kind>archive</kind>
         <file>rtsv7M4_T_le_v4SPD16_eabi.lib</file>
         <name>trgmsg.obj</name>
      </input_file>
      <input_file id="fl-f5">
         <path>C:\ti\ccsv7\tools\compiler\ti-cgt-arm_16.9.6.LTS\lib\</path>
         <kind>archive</kind>
         <file>rtsv7M4_T_le_v4SPD16_eabi.lib</file>
         <name>unlink.obj</name>
      </input_file>
      <input_file id="fl-f6">
         <path>C:\ti\ccsv7\tools\compiler\ti-cgt-arm_16.9.6.LTS\lib\</path>
         <kind>archive</kind>
         <file>rtsv7M4_T_le_v4SPD16_eabi.lib</file>
         <name>close.obj</name>
      </input_file>
   </input_file_list>
   <object_component_list>
      <object_component id="oc-2c">
         <name>.intvecs:retain</name>
         <load_address>0x0</load_address>
         <run_address>0x0</run_address>
         <size>0xe4</size>
         <input_file_ref idref="fl-13"/>
      </object_component>
      <object_component id="oc-c3">
         <name>.text</name>
         <load_address>0xe4</load_address>
         <run_address>0xe4</run_address>
         <size>0x12b0</size>
         <input_file_ref idref="fl-a"/>
      </object_component>
      <object_component id="oc-125">
         <name>.text</name>
         <load_address>0x1394</load_address>
         <run_address>0x1394</run_address>
         <size>0x6bc</size>
         <input_file_ref idref="fl-12"/>
      </object_component>
      <object_component id="oc-8a">
         <name>.text</name>
         <load_address>0x1a50</load_address>
         <run_address>0x1a50</run_address>
         <size>0x5ba</size>
         <input_file_ref idref="fl-6"/>
      </object_component>
      <object_component id="oc-56">
         <name>.text</name>
         <load_address>0x200a</load_address>
         <run_address>0x200a</run_address>
         <size>0x2</size>
         <input_file_ref idref="fl-d9"/>
      </object_component>
      <object_component id="oc-220">
         <name>.text</name>
         <load_address>0x200c</load_address>
         <run_address>0x200c</run_address>
         <size>0x3d0</size>
         <input_file_ref idref="fl-ef"/>
      </object_component>
      <object_component id="oc-d6">
         <name>.text</name>
         <load_address>0x23dc</load_address>
         <run_address>0x23dc</run_address>
         <size>0x32c</size>
         <input_file_ref idref="fl-14"/>
      </object_component>
      <object_component id="oc-156">
         <name>.text</name>
         <load_address>0x2708</load_address>
         <run_address>0x2708</run_address>
         <size>0x264</size>
         <input_file_ref idref="fl-e"/>
      </object_component>
      <object_component id="oc-11f">
         <name>.text</name>
         <load_address>0x296c</load_address>
         <run_address>0x296c</run_address>
         <size>0x248</size>
         <input_file_ref idref="fl-9"/>
      </object_component>
      <object_component id="oc-eb">
         <name>.text</name>
         <load_address>0x2bb4</load_address>
         <run_address>0x2bb4</run_address>
         <size>0x210</size>
         <input_file_ref idref="fl-7"/>
      </object_component>
      <object_component id="oc-137">
         <name>.text</name>
         <load_address>0x2dc4</load_address>
         <run_address>0x2dc4</run_address>
         <size>0x1e0</size>
         <input_file_ref idref="fl-4"/>
      </object_component>
      <object_component id="oc-1b9">
         <name>.text</name>
         <load_address>0x2fa4</load_address>
         <run_address>0x2fa4</run_address>
         <size>0x1c4</size>
         <input_file_ref idref="fl-d5"/>
      </object_component>
      <object_component id="oc-13d">
         <name>.text</name>
         <load_address>0x3168</load_address>
         <run_address>0x3168</run_address>
         <size>0x1b0</size>
         <input_file_ref idref="fl-c"/>
      </object_component>
      <object_component id="oc-119">
         <name>.text</name>
         <load_address>0x3318</load_address>
         <run_address>0x3318</run_address>
         <size>0x164</size>
         <input_file_ref idref="fl-2"/>
      </object_component>
      <object_component id="oc-84">
         <name>.text</name>
         <load_address>0x347c</load_address>
         <run_address>0x347c</run_address>
         <size>0x104</size>
         <input_file_ref idref="fl-10"/>
      </object_component>
      <object_component id="oc-12b">
         <name>.text</name>
         <load_address>0x3580</load_address>
         <run_address>0x3580</run_address>
         <size>0xf4</size>
         <input_file_ref idref="fl-b"/>
      </object_component>
      <object_component id="oc-90">
         <name>.text</name>
         <load_address>0x3674</load_address>
         <run_address>0x3674</run_address>
         <size>0xf0</size>
         <input_file_ref idref="fl-3"/>
      </object_component>
      <object_component id="oc-1d4">
         <name>.text</name>
         <load_address>0x3764</load_address>
         <run_address>0x3764</run_address>
         <size>0xec</size>
         <input_file_ref idref="fl-d"/>
      </object_component>
      <object_component id="oc-1bf">
         <name>.text</name>
         <load_address>0x3850</load_address>
         <run_address>0x3850</run_address>
         <size>0xdc</size>
         <input_file_ref idref="fl-dc"/>
      </object_component>
      <object_component id="oc-28c">
         <name>.text</name>
         <load_address>0x392c</load_address>
         <run_address>0x392c</run_address>
         <size>0xc8</size>
         <input_file_ref idref="fl-e7"/>
      </object_component>
      <object_component id="oc-20e">
         <name>.text</name>
         <load_address>0x39f4</load_address>
         <run_address>0x39f4</run_address>
         <size>0xbc</size>
         <input_file_ref idref="fl-da"/>
      </object_component>
      <object_component id="oc-1b3">
         <name>.text</name>
         <load_address>0x3ab0</load_address>
         <run_address>0x3ab0</run_address>
         <size>0xb8</size>
         <input_file_ref idref="fl-ce"/>
      </object_component>
      <object_component id="oc-7e">
         <name>.text</name>
         <load_address>0x3b68</load_address>
         <run_address>0x3b68</run_address>
         <size>0xa8</size>
         <input_file_ref idref="fl-11"/>
      </object_component>
      <object_component id="oc-3e">
         <name>.text</name>
         <load_address>0x3c10</load_address>
         <run_address>0x3c10</run_address>
         <size>0x9c</size>
         <input_file_ref idref="fl-d7"/>
      </object_component>
      <object_component id="oc-214">
         <name>.text</name>
         <load_address>0x3cac</load_address>
         <run_address>0x3cac</run_address>
         <size>0x98</size>
         <input_file_ref idref="fl-e6"/>
      </object_component>
      <object_component id="oc-150">
         <name>.text</name>
         <load_address>0x3d44</load_address>
         <run_address>0x3d44</run_address>
         <size>0x84</size>
         <input_file_ref idref="fl-8"/>
      </object_component>
      <object_component id="oc-4a">
         <name>.text</name>
         <load_address>0x3dc8</load_address>
         <run_address>0x3dc8</run_address>
         <size>0x7a</size>
         <input_file_ref idref="fl-d8"/>
      </object_component>
      <object_component id="oc-bb">
         <name>.text</name>
         <load_address>0x3e42</load_address>
         <run_address>0x3e42</run_address>
         <size>0x2</size>
         <input_file_ref idref="fl-f1"/>
      </object_component>
      <object_component id="oc-62">
         <name>.text</name>
         <load_address>0x3e44</load_address>
         <run_address>0x3e44</run_address>
         <size>0x70</size>
         <input_file_ref idref="fl-e4"/>
      </object_component>
      <object_component id="oc-1fc">
         <name>.text</name>
         <load_address>0x3eb4</load_address>
         <run_address>0x3eb4</run_address>
         <size>0x70</size>
         <input_file_ref idref="fl-d6"/>
      </object_component>
      <object_component id="oc-14">
         <name>.text:decompress:lzss</name>
         <load_address>0x3f24</load_address>
         <run_address>0x3f24</run_address>
         <size>0x68</size>
         <input_file_ref idref="fl-d0"/>
      </object_component>
      <object_component id="oc-265">
         <name>.text</name>
         <load_address>0x3f8c</load_address>
         <run_address>0x3f8c</run_address>
         <size>0x68</size>
         <input_file_ref idref="fl-e9"/>
      </object_component>
      <object_component id="oc-271">
         <name>.text</name>
         <load_address>0x3ff4</load_address>
         <run_address>0x3ff4</run_address>
         <size>0x68</size>
         <input_file_ref idref="fl-ec"/>
      </object_component>
      <object_component id="oc-2c0">
         <name>.text</name>
         <load_address>0x405c</load_address>
         <run_address>0x405c</run_address>
         <size>0x68</size>
         <input_file_ref idref="fl-f4"/>
      </object_component>
      <object_component id="oc-24d">
         <name>.text</name>
         <load_address>0x40c4</load_address>
         <run_address>0x40c4</run_address>
         <size>0x60</size>
         <input_file_ref idref="fl-ea"/>
      </object_component>
      <object_component id="oc-292">
         <name>.text</name>
         <load_address>0x4124</load_address>
         <run_address>0x4124</run_address>
         <size>0x5c</size>
         <input_file_ref idref="fl-f6"/>
      </object_component>
      <object_component id="oc-259">
         <name>.text</name>
         <load_address>0x4180</load_address>
         <run_address>0x4180</run_address>
         <size>0x58</size>
         <input_file_ref idref="fl-eb"/>
      </object_component>
      <object_component id="oc-25f">
         <name>.text</name>
         <load_address>0x41d8</load_address>
         <run_address>0x41d8</run_address>
         <size>0x58</size>
         <input_file_ref idref="fl-ee"/>
      </object_component>
      <object_component id="oc-26">
         <name>.text</name>
         <load_address>0x4230</load_address>
         <run_address>0x4230</run_address>
         <size>0x54</size>
         <input_file_ref idref="fl-cf"/>
      </object_component>
      <object_component id="oc-6e">
         <name>.text</name>
         <load_address>0x4284</load_address>
         <run_address>0x4284</run_address>
         <size>0x54</size>
         <input_file_ref idref="fl-d4"/>
      </object_component>
      <object_component id="oc-b5">
         <name>.text</name>
         <load_address>0x42d8</load_address>
         <run_address>0x42d8</run_address>
         <size>0x4c</size>
         <input_file_ref idref="fl-e5"/>
      </object_component>
      <object_component id="oc-253">
         <name>.text</name>
         <load_address>0x4324</load_address>
         <run_address>0x4324</run_address>
         <size>0x44</size>
         <input_file_ref idref="fl-e8"/>
      </object_component>
      <object_component id="oc-26b">
         <name>.text</name>
         <load_address>0x4368</load_address>
         <run_address>0x4368</run_address>
         <size>0x44</size>
         <input_file_ref idref="fl-ed"/>
      </object_component>
      <object_component id="oc-202">
         <name>.text</name>
         <load_address>0x43ac</load_address>
         <run_address>0x43ac</run_address>
         <size>0x36</size>
         <input_file_ref idref="fl-e0"/>
      </object_component>
      <object_component id="oc-298">
         <name>.text</name>
         <load_address>0x43e4</load_address>
         <run_address>0x43e4</run_address>
         <size>0x2c</size>
         <input_file_ref idref="fl-f5"/>
      </object_component>
      <object_component id="oc-2e7">
         <name>.text</name>
         <load_address>0x4410</load_address>
         <run_address>0x4410</run_address>
         <size>0x28</size>
         <input_file_ref idref="fl-e1"/>
      </object_component>
      <object_component id="oc-131">
         <name>.text</name>
         <load_address>0x4438</load_address>
         <run_address>0x4438</run_address>
         <size>0x24</size>
         <input_file_ref idref="fl-5"/>
      </object_component>
      <object_component id="oc-68">
         <name>.text</name>
         <load_address>0x445c</load_address>
         <run_address>0x445c</run_address>
         <size>0x18</size>
         <input_file_ref idref="fl-e3"/>
      </object_component>
      <object_component id="oc-23d">
         <name>.text</name>
         <load_address>0x4474</load_address>
         <run_address>0x4474</run_address>
         <size>0x18</size>
         <input_file_ref idref="fl-df"/>
      </object_component>
      <object_component id="oc-243">
         <name>.text</name>
         <load_address>0x448c</load_address>
         <run_address>0x448c</run_address>
         <size>0x16</size>
         <input_file_ref idref="fl-de"/>
      </object_component>
      <object_component id="oc-168">
         <name>.text</name>
         <load_address>0x44a4</load_address>
         <run_address>0x44a4</run_address>
         <size>0x14</size>
         <input_file_ref idref="fl-e2"/>
      </object_component>
      <object_component id="oc-2d4">
         <name>.text</name>
         <load_address>0x44b8</load_address>
         <run_address>0x44b8</run_address>
         <size>0x14</size>
         <input_file_ref idref="fl-f2"/>
      </object_component>
      <object_component id="oc-2ba">
         <name>.text</name>
         <load_address>0x44cc</load_address>
         <run_address>0x44cc</run_address>
         <size>0x14</size>
         <input_file_ref idref="fl-f3"/>
      </object_component>
      <object_component id="oc-1a">
         <name>.text:decompress:none</name>
         <load_address>0x44e0</load_address>
         <run_address>0x44e0</run_address>
         <size>0xe</size>
         <input_file_ref idref="fl-d1"/>
      </object_component>
      <object_component id="oc-78">
         <name>.text</name>
         <load_address>0x44ee</load_address>
         <run_address>0x44ee</run_address>
         <size>0xe</size>
         <input_file_ref idref="fl-13"/>
      </object_component>
      <object_component id="oc-20">
         <name>.text:decompress:ZI</name>
         <load_address>0x44fc</load_address>
         <run_address>0x44fc</run_address>
         <size>0xc</size>
         <input_file_ref idref="fl-d2"/>
      </object_component>
      <object_component id="oc-5c">
         <name>.text</name>
         <load_address>0x4508</load_address>
         <run_address>0x4508</run_address>
         <size>0x4</size>
         <input_file_ref idref="fl-db"/>
      </object_component>
      <object_component id="oc-1e0">
         <name>.const:$P$T0$1</name>
         <load_address>0x450c</load_address>
         <run_address>0x450c</run_address>
         <size>0x20</size>
         <input_file_ref idref="fl-e"/>
      </object_component>
      <object_component id="oc-348">
         <name>.cinit..data.load</name>
         <load_address>0x4530</load_address>
         <run_address>0x4530</run_address>
         <size>0x82</size>
      </object_component>
      <object_component id="oc-346">
         <name>__TI_handler_table</name>
         <load_address>0x45b4</load_address>
         <run_address>0x45b4</run_address>
         <size>0xc</size>
      </object_component>
      <object_component id="oc-349">
         <name>.cinit..bss.load</name>
         <load_address>0x45c0</load_address>
         <run_address>0x45c0</run_address>
         <size>0x8</size>
      </object_component>
      <object_component id="oc-347">
         <name>__TI_cinit_table</name>
         <load_address>0x45c8</load_address>
         <run_address>0x45c8</run_address>
         <size>0x10</size>
      </object_component>
      <object_component id="oc-323">
         <name>.binit</name>
         <load_address>0x0</load_address>
         <run_address>0x0</run_address>
         <size>0x0</size>
      </object_component>
      <object_component id="oc-1d0">
         <name>.data</name>
         <load_address>0x20003ae8</load_address>
         <run_address>0x20003ae8</run_address>
         <size>0x18</size>
         <input_file_ref idref="fl-4"/>
      </object_component>
      <object_component id="oc-14b">
         <name>.data</name>
         <load_address>0x20003b00</load_address>
         <run_address>0x20003b00</run_address>
         <size>0x15</size>
         <input_file_ref idref="fl-a"/>
      </object_component>
      <object_component id="oc-e6">
         <name>.data</name>
         <load_address>0x20003b48</load_address>
         <run_address>0x20003b48</run_address>
         <size>0x8</size>
         <input_file_ref idref="fl-10"/>
      </object_component>
      <object_component id="oc-174">
         <name>.data</name>
         <load_address>0x20003b60</load_address>
         <run_address>0x20003b60</run_address>
         <size>0x4</size>
         <input_file_ref idref="fl-14"/>
      </object_component>
      <object_component id="oc-208">
         <name>.data</name>
         <load_address>0x20003b50</load_address>
         <run_address>0x20003b50</run_address>
         <size>0x4</size>
         <input_file_ref idref="fl-ce"/>
      </object_component>
      <object_component id="oc-1c5">
         <name>.data:_ftable</name>
         <load_address>0x20003930</load_address>
         <run_address>0x20003930</run_address>
         <size>0xf0</size>
         <input_file_ref idref="fl-d3"/>
      </object_component>
      <object_component id="oc-21a">
         <name>.data</name>
         <load_address>0x20003b18</load_address>
         <run_address>0x20003b18</run_address>
         <size>0x10</size>
         <input_file_ref idref="fl-d3"/>
      </object_component>
      <object_component id="oc-cb">
         <name>.data:$O1$$</name>
         <load_address>0x20003b28</load_address>
         <run_address>0x20003b28</run_address>
         <size>0xc</size>
         <input_file_ref idref="fl-d4"/>
      </object_component>
      <object_component id="oc-21d">
         <name>.data</name>
         <load_address>0x20003b54</load_address>
         <run_address>0x20003b54</run_address>
         <size>0x4</size>
         <input_file_ref idref="fl-d5"/>
      </object_component>
      <object_component id="oc-286">
         <name>.data</name>
         <load_address>0x20003b58</load_address>
         <run_address>0x20003b58</run_address>
         <size>0x4</size>
         <input_file_ref idref="fl-da"/>
      </object_component>
      <object_component id="oc-74">
         <name>.data</name>
         <load_address>0x20003b5c</load_address>
         <run_address>0x20003b5c</run_address>
         <size>0x4</size>
         <input_file_ref idref="fl-dd"/>
      </object_component>
      <object_component id="oc-209">
         <name>.data:_device</name>
         <load_address>0x20003a20</load_address>
         <run_address>0x20003a20</run_address>
         <size>0x78</size>
         <input_file_ref idref="fl-e1"/>
      </object_component>
      <object_component id="oc-287">
         <name>.data:_stream</name>
         <load_address>0x20003a98</load_address>
         <run_address>0x20003a98</run_address>
         <size>0x50</size>
         <input_file_ref idref="fl-e1"/>
      </object_component>
      <object_component id="oc-ce">
         <name>.data:$O1$$</name>
         <load_address>0x20003b40</load_address>
         <run_address>0x20003b40</run_address>
         <size>0x8</size>
         <input_file_ref idref="fl-e2"/>
      </object_component>
      <object_component id="oc-2aa">
         <name>.data:$O1$$</name>
         <load_address>0x20003b34</load_address>
         <run_address>0x20003b34</run_address>
         <size>0xc</size>
         <input_file_ref idref="fl-ef"/>
      </object_component>
      <object_component id="oc-2fd">
         <name>.bss:_CIOBUF_</name>
         <uninitialized>true</uninitialized>
         <run_address>0x20003200</run_address>
         <size>0x120</size>
         <input_file_ref idref="fl-f4"/>
      </object_component>
      <object_component id="oc-f6">
         <name>.common:Port4Task</name>
         <uninitialized>true</uninitialized>
         <run_address>0x20003500</run_address>
         <size>0x4</size>
      </object_component>
      <object_component id="oc-f4">
         <name>.common:Messageindexc</name>
         <uninitialized>true</uninitialized>
         <run_address>0x200034fc</run_address>
         <size>0x4</size>
      </object_component>
      <object_component id="oc-f1">
         <name>.common:Messagec</name>
         <uninitialized>true</uninitialized>
         <run_address>0x200034cc</run_address>
         <size>0x8</size>
      </object_component>
      <object_component id="oc-188">
         <name>.common:TxFifo0</name>
         <uninitialized>true</uninitialized>
         <run_address>0x20003442</run_address>
         <size>0x82</size>
      </object_component>
      <object_component id="oc-18c">
         <name>.common:RxFifo0</name>
         <uninitialized>true</uninitialized>
         <run_address>0x200033c0</run_address>
         <size>0x82</size>
      </object_component>
      <object_component id="oc-18b">
         <name>.common:TxHistogram</name>
         <uninitialized>true</uninitialized>
         <run_address>0x20003000</run_address>
         <size>0x200</size>
      </object_component>
      <object_component id="oc-1a0">
         <name>.common:Size</name>
         <uninitialized>true</uninitialized>
         <run_address>0x20003504</run_address>
         <size>0x4</size>
      </object_component>
      <object_component id="oc-1a5">
         <name>.common:x</name>
         <uninitialized>true</uninitialized>
         <run_address>0x20000000</run_address>
         <size>0x1000</size>
      </object_component>
      <object_component id="oc-1a3">
         <name>.common:I1</name>
         <uninitialized>true</uninitialized>
         <run_address>0x200034e0</run_address>
         <size>0x4</size>
      </object_component>
      <object_component id="oc-1a4">
         <name>.common:LPFSum</name>
         <uninitialized>true</uninitialized>
         <run_address>0x200034ec</run_address>
         <size>0x4</size>
      </object_component>
      <object_component id="oc-1a6">
         <name>.common:Size2</name>
         <uninitialized>true</uninitialized>
         <run_address>0x20003508</run_address>
         <size>0x4</size>
      </object_component>
      <object_component id="oc-1a9">
         <name>.common:x2</name>
         <uninitialized>true</uninitialized>
         <run_address>0x20001000</run_address>
         <size>0x1000</size>
      </object_component>
      <object_component id="oc-1a7">
         <name>.common:I2</name>
         <uninitialized>true</uninitialized>
         <run_address>0x200034e4</run_address>
         <size>0x4</size>
      </object_component>
      <object_component id="oc-1a8">
         <name>.common:LPFSum2</name>
         <uninitialized>true</uninitialized>
         <run_address>0x200034f0</run_address>
         <size>0x4</size>
      </object_component>
      <object_component id="oc-1aa">
         <name>.common:Size3</name>
         <uninitialized>true</uninitialized>
         <run_address>0x2000350c</run_address>
         <size>0x4</size>
      </object_component>
      <object_component id="oc-1ad">
         <name>.common:x3</name>
         <uninitialized>true</uninitialized>
         <run_address>0x20002000</run_address>
         <size>0x1000</size>
      </object_component>
      <object_component id="oc-1ab">
         <name>.common:I3</name>
         <uninitialized>true</uninitialized>
         <run_address>0x200034e8</run_address>
         <size>0x4</size>
      </object_component>
      <object_component id="oc-1ac">
         <name>.common:LPFSum3</name>
         <uninitialized>true</uninitialized>
         <run_address>0x200034f4</run_address>
         <size>0x4</size>
      </object_component>
      <object_component id="oc-148">
         <name>.common:ADCflag</name>
         <uninitialized>true</uninitialized>
         <run_address>0x200034dc</run_address>
         <size>0x4</size>
      </object_component>
      <object_component id="oc-143">
         <name>.common:nr</name>
         <uninitialized>true</uninitialized>
         <run_address>0x20003524</run_address>
         <size>0x4</size>
      </object_component>
      <object_component id="oc-146">
         <name>.common:nc</name>
         <uninitialized>true</uninitialized>
         <run_address>0x2000351c</run_address>
         <size>0x4</size>
      </object_component>
      <object_component id="oc-147">
         <name>.common:nl</name>
         <uninitialized>true</uninitialized>
         <run_address>0x20003520</run_address>
         <size>0x4</size>
      </object_component>
      <object_component id="oc-149">
         <name>.common:CollisionData</name>
         <uninitialized>true</uninitialized>
         <run_address>0x2000352c</run_address>
         <size>0x1</size>
      </object_component>
      <object_component id="oc-14a">
         <name>.common:CollisionFlag</name>
         <uninitialized>true</uninitialized>
         <run_address>0x2000352d</run_address>
         <size>0x1</size>
      </object_component>
      <object_component id="oc-15c">
         <name>.common:count</name>
         <uninitialized>true</uninitialized>
         <run_address>0x20003514</run_address>
         <size>0x4</size>
      </object_component>
      <object_component id="oc-15d">
         <name>.common:flag</name>
         <uninitialized>true</uninitialized>
         <run_address>0x20003518</run_address>
         <size>0x4</size>
      </object_component>
      <object_component id="oc-14e">
         <name>.common:Period0</name>
         <uninitialized>true</uninitialized>
         <run_address>0x20003528</run_address>
         <size>0x2</size>
      </object_component>
      <object_component id="oc-14f">
         <name>.common:Period2</name>
         <uninitialized>true</uninitialized>
         <run_address>0x2000352a</run_address>
         <size>0x2</size>
      </object_component>
      <object_component id="oc-dd">
         <name>.common:TimerA1Task</name>
         <uninitialized>true</uninitialized>
         <run_address>0x20003510</run_address>
         <size>0x4</size>
      </object_component>
      <object_component id="oc-1b2">
         <name>.common:Messageindexb</name>
         <uninitialized>true</uninitialized>
         <run_address>0x200034f8</run_address>
         <size>0x4</size>
      </object_component>
      <object_component id="oc-1af">
         <name>.common:Messageb</name>
         <uninitialized>true</uninitialized>
         <run_address>0x200034c4</run_address>
         <size>0x8</size>
      </object_component>
      <object_component id="oc-29e">
         <name>.common:__TI_tmpnams</name>
         <uninitialized>true</uninitialized>
         <run_address>0x20003320</run_address>
         <size>0xa0</size>
      </object_component>
      <object_component id="oc-2c6">
         <name>.common:parmbuf</name>
         <uninitialized>true</uninitialized>
         <run_address>0x200034d4</run_address>
         <size>0x8</size>
      </object_component>
      <object_component id="oc-30">
         <name>.sysmem</name>
         <uninitialized>true</uninitialized>
         <run_address>0x20003530</run_address>
         <size>0x8</size>
         <input_file_ref idref="fl-ef"/>
      </object_component>
      <object_component id="oc-34b">
         <name>.sysmem</name>
         <uninitialized>true</uninitialized>
         <run_address>0x20003530</run_address>
         <size>0x0</size>
      </object_component>
      <object_component id="oc-2f">
         <name>.stack</name>
         <uninitialized>true</uninitialized>
         <run_address>0x2000fe00</run_address>
         <size>0x0</size>
         <input_file_ref idref="fl-cf"/>
      </object_component>
      <object_component id="oc-34a">
         <name>.stack</name>
         <uninitialized>true</uninitialized>
         <run_address>0x2000fe00</run_address>
         <size>0x0</size>
      </object_component>
      <object_component id="oc-19f">
         <name>.debug_info</name>
         <load_address>0x0</load_address>
         <run_address>0x0</run_address>
         <size>0x512</size>
         <input_file_ref idref="fl-2"/>
      </object_component>
      <object_component id="oc-11a">
         <name>.debug_info</name>
         <load_address>0x512</load_address>
         <run_address>0x512</run_address>
         <size>0x2d7</size>
         <input_file_ref idref="fl-2"/>
      </object_component>
      <object_component id="oc-17a">
         <name>.debug_info</name>
         <load_address>0x7e9</load_address>
         <run_address>0x7e9</run_address>
         <size>0x37e2</size>
         <input_file_ref idref="fl-2"/>
      </object_component>
      <object_component id="oc-17f">
         <name>.debug_info</name>
         <load_address>0x3fcb</load_address>
         <run_address>0x3fcb</run_address>
         <size>0x1055</size>
         <input_file_ref idref="fl-2"/>
      </object_component>
      <object_component id="oc-39">
         <name>.debug_info</name>
         <load_address>0x5020</load_address>
         <run_address>0x5020</run_address>
         <size>0x84</size>
         <input_file_ref idref="fl-2"/>
      </object_component>
      <object_component id="oc-e1">
         <name>.debug_info</name>
         <load_address>0x50a4</load_address>
         <run_address>0x50a4</run_address>
         <size>0x18b</size>
         <input_file_ref idref="fl-2"/>
      </object_component>
      <object_component id="oc-f7">
         <name>.debug_info</name>
         <load_address>0x522f</load_address>
         <run_address>0x522f</run_address>
         <size>0x543</size>
         <input_file_ref idref="fl-3"/>
      </object_component>
      <object_component id="oc-91">
         <name>.debug_info</name>
         <load_address>0x5772</load_address>
         <run_address>0x5772</run_address>
         <size>0x24d</size>
         <input_file_ref idref="fl-3"/>
      </object_component>
      <object_component id="oc-1d1">
         <name>.debug_info</name>
         <load_address>0x59bf</load_address>
         <run_address>0x59bf</run_address>
         <size>0x17a</size>
         <input_file_ref idref="fl-4"/>
      </object_component>
      <object_component id="oc-138">
         <name>.debug_info</name>
         <load_address>0x5b39</load_address>
         <run_address>0x5b39</run_address>
         <size>0x30c</size>
         <input_file_ref idref="fl-4"/>
      </object_component>
      <object_component id="oc-134">
         <name>.debug_info</name>
         <load_address>0x5e45</load_address>
         <run_address>0x5e45</run_address>
         <size>0x2cd</size>
         <input_file_ref idref="fl-5"/>
      </object_component>
      <object_component id="oc-f2">
         <name>.debug_info</name>
         <load_address>0x6112</load_address>
         <run_address>0x6112</run_address>
         <size>0x65e</size>
         <input_file_ref idref="fl-6"/>
      </object_component>
      <object_component id="oc-8c">
         <name>.debug_info</name>
         <load_address>0x6770</load_address>
         <run_address>0x6770</run_address>
         <size>0xf4d</size>
         <input_file_ref idref="fl-6"/>
      </object_component>
      <object_component id="oc-189">
         <name>.debug_info</name>
         <load_address>0x76bd</load_address>
         <run_address>0x76bd</run_address>
         <size>0x2c8</size>
         <input_file_ref idref="fl-7"/>
      </object_component>
      <object_component id="oc-ec">
         <name>.debug_info</name>
         <load_address>0x7985</load_address>
         <run_address>0x7985</run_address>
         <size>0x4c5</size>
         <input_file_ref idref="fl-7"/>
      </object_component>
      <object_component id="oc-1ec">
         <name>.debug_info</name>
         <load_address>0x7e4a</load_address>
         <run_address>0x7e4a</run_address>
         <size>0x76</size>
         <input_file_ref idref="fl-7"/>
      </object_component>
      <object_component id="oc-151">
         <name>.debug_info</name>
         <load_address>0x7ec0</load_address>
         <run_address>0x7ec0</run_address>
         <size>0x2e1</size>
         <input_file_ref idref="fl-8"/>
      </object_component>
      <object_component id="oc-1a1">
         <name>.debug_info</name>
         <load_address>0x81a1</load_address>
         <run_address>0x81a1</run_address>
         <size>0x689</size>
         <input_file_ref idref="fl-9"/>
      </object_component>
      <object_component id="oc-120">
         <name>.debug_info</name>
         <load_address>0x882a</load_address>
         <run_address>0x882a</run_address>
         <size>0x471</size>
         <input_file_ref idref="fl-9"/>
      </object_component>
      <object_component id="oc-144">
         <name>.debug_info</name>
         <load_address>0x8c9b</load_address>
         <run_address>0x8c9b</run_address>
         <size>0xd09</size>
         <input_file_ref idref="fl-a"/>
      </object_component>
      <object_component id="oc-14c">
         <name>.debug_info</name>
         <load_address>0x99a4</load_address>
         <run_address>0x99a4</run_address>
         <size>0x113</size>
         <input_file_ref idref="fl-a"/>
      </object_component>
      <object_component id="oc-c6">
         <name>.debug_info</name>
         <load_address>0x9ab7</load_address>
         <run_address>0x9ab7</run_address>
         <size>0x26cf</size>
         <input_file_ref idref="fl-a"/>
      </object_component>
      <object_component id="oc-ac">
         <name>.debug_info</name>
         <load_address>0xc186</load_address>
         <run_address>0xc186</run_address>
         <size>0x2c</size>
         <input_file_ref idref="fl-a"/>
      </object_component>
      <object_component id="oc-12c">
         <name>.debug_info</name>
         <load_address>0xc1b2</load_address>
         <run_address>0xc1b2</run_address>
         <size>0x2bc</size>
         <input_file_ref idref="fl-b"/>
      </object_component>
      <object_component id="oc-141">
         <name>.debug_info</name>
         <load_address>0xc46e</load_address>
         <run_address>0xc46e</run_address>
         <size>0x551</size>
         <input_file_ref idref="fl-c"/>
      </object_component>
      <object_component id="oc-1d5">
         <name>.debug_info</name>
         <load_address>0xc9bf</load_address>
         <run_address>0xc9bf</run_address>
         <size>0x280</size>
         <input_file_ref idref="fl-d"/>
      </object_component>
      <object_component id="oc-1e4">
         <name>.debug_info</name>
         <load_address>0xcc3f</load_address>
         <run_address>0xcc3f</run_address>
         <size>0x561</size>
         <input_file_ref idref="fl-e"/>
      </object_component>
      <object_component id="oc-1e1">
         <name>.debug_info</name>
         <load_address>0xd1a0</load_address>
         <run_address>0xd1a0</run_address>
         <size>0xca</size>
         <input_file_ref idref="fl-e"/>
      </object_component>
      <object_component id="oc-159">
         <name>.debug_info</name>
         <load_address>0xd26a</load_address>
         <run_address>0xd26a</run_address>
         <size>0x813</size>
         <input_file_ref idref="fl-e"/>
      </object_component>
      <object_component id="oc-238">
         <name>.debug_info</name>
         <load_address>0xda7d</load_address>
         <run_address>0xda7d</run_address>
         <size>0x37e2</size>
         <input_file_ref idref="fl-e"/>
      </object_component>
      <object_component id="oc-ea">
         <name>.debug_info</name>
         <load_address>0x1125f</load_address>
         <run_address>0x1125f</run_address>
         <size>0x528</size>
         <input_file_ref idref="fl-10"/>
      </object_component>
      <object_component id="oc-e7">
         <name>.debug_info</name>
         <load_address>0x11787</load_address>
         <run_address>0x11787</run_address>
         <size>0x102</size>
         <input_file_ref idref="fl-10"/>
      </object_component>
      <object_component id="oc-85">
         <name>.debug_info</name>
         <load_address>0x11889</load_address>
         <run_address>0x11889</run_address>
         <size>0x31d</size>
         <input_file_ref idref="fl-10"/>
      </object_component>
      <object_component id="oc-de">
         <name>.debug_info</name>
         <load_address>0x11ba6</load_address>
         <run_address>0x11ba6</run_address>
         <size>0x53d</size>
         <input_file_ref idref="fl-11"/>
      </object_component>
      <object_component id="oc-7f">
         <name>.debug_info</name>
         <load_address>0x120e3</load_address>
         <run_address>0x120e3</run_address>
         <size>0x242</size>
         <input_file_ref idref="fl-11"/>
      </object_component>
      <object_component id="oc-1b0">
         <name>.debug_info</name>
         <load_address>0x12325</load_address>
         <run_address>0x12325</run_address>
         <size>0x750</size>
         <input_file_ref idref="fl-12"/>
      </object_component>
      <object_component id="oc-127">
         <name>.debug_info</name>
         <load_address>0x12a75</load_address>
         <run_address>0x12a75</run_address>
         <size>0x153e</size>
         <input_file_ref idref="fl-12"/>
      </object_component>
      <object_component id="oc-1f7">
         <name>.debug_info</name>
         <load_address>0x13fb3</load_address>
         <run_address>0x13fb3</run_address>
         <size>0xc8</size>
         <input_file_ref idref="fl-12"/>
      </object_component>
      <object_component id="oc-1c9">
         <name>.debug_info</name>
         <load_address>0x1407b</load_address>
         <run_address>0x1407b</run_address>
         <size>0x2c</size>
         <input_file_ref idref="fl-12"/>
      </object_component>
      <object_component id="oc-98">
         <name>.debug_info</name>
         <load_address>0x140a7</load_address>
         <run_address>0x140a7</run_address>
         <size>0x2a0</size>
         <input_file_ref idref="fl-13"/>
      </object_component>
      <object_component id="oc-2d">
         <name>.debug_info</name>
         <load_address>0x14347</load_address>
         <run_address>0x14347</run_address>
         <size>0xde</size>
         <input_file_ref idref="fl-13"/>
      </object_component>
      <object_component id="oc-79">
         <name>.debug_info</name>
         <load_address>0x14425</load_address>
         <run_address>0x14425</run_address>
         <size>0x1a5</size>
         <input_file_ref idref="fl-13"/>
      </object_component>
      <object_component id="oc-175">
         <name>.debug_info</name>
         <load_address>0x145ca</load_address>
         <run_address>0x145ca</run_address>
         <size>0xd7</size>
         <input_file_ref idref="fl-14"/>
      </object_component>
      <object_component id="oc-d7">
         <name>.debug_info</name>
         <load_address>0x146a1</load_address>
         <run_address>0x146a1</run_address>
         <size>0x249</size>
         <input_file_ref idref="fl-14"/>
      </object_component>
      <object_component id="oc-20d">
         <name>.debug_info</name>
         <load_address>0x148ea</load_address>
         <run_address>0x148ea</run_address>
         <size>0x430</size>
         <input_file_ref idref="fl-ce"/>
      </object_component>
      <object_component id="oc-1b5">
         <name>.debug_info</name>
         <load_address>0x14d1a</load_address>
         <run_address>0x14d1a</run_address>
         <size>0x2d0</size>
         <input_file_ref idref="fl-ce"/>
      </object_component>
      <object_component id="oc-281">
         <name>.debug_info</name>
         <load_address>0x14fea</load_address>
         <run_address>0x14fea</run_address>
         <size>0xea</size>
         <input_file_ref idref="fl-ce"/>
      </object_component>
      <object_component id="oc-27c">
         <name>.debug_info</name>
         <load_address>0x150d4</load_address>
         <run_address>0x150d4</run_address>
         <size>0x2c</size>
         <input_file_ref idref="fl-ce"/>
      </object_component>
      <object_component id="oc-27">
         <name>.debug_info</name>
         <load_address>0x15100</load_address>
         <run_address>0x15100</run_address>
         <size>0x160</size>
         <input_file_ref idref="fl-cf"/>
      </object_component>
      <object_component id="oc-a2">
         <name>.debug_info</name>
         <load_address>0x15260</load_address>
         <run_address>0x15260</run_address>
         <size>0x293</size>
         <input_file_ref idref="fl-d0"/>
      </object_component>
      <object_component id="oc-15">
         <name>.debug_info</name>
         <load_address>0x154f3</load_address>
         <run_address>0x154f3</run_address>
         <size>0x245</size>
         <input_file_ref idref="fl-d0"/>
      </object_component>
      <object_component id="oc-34">
         <name>.debug_info</name>
         <load_address>0x15738</load_address>
         <run_address>0x15738</run_address>
         <size>0x60</size>
         <input_file_ref idref="fl-d0"/>
      </object_component>
      <object_component id="oc-9d">
         <name>.debug_info</name>
         <load_address>0x15798</load_address>
         <run_address>0x15798</run_address>
         <size>0x46</size>
         <input_file_ref idref="fl-d0"/>
      </object_component>
      <object_component id="oc-49">
         <name>.debug_info</name>
         <load_address>0x157de</load_address>
         <run_address>0x157de</run_address>
         <size>0x2da</size>
         <input_file_ref idref="fl-d1"/>
      </object_component>
      <object_component id="oc-1b">
         <name>.debug_info</name>
         <load_address>0x15ab8</load_address>
         <run_address>0x15ab8</run_address>
         <size>0x1df</size>
         <input_file_ref idref="fl-d1"/>
      </object_component>
      <object_component id="oc-44">
         <name>.debug_info</name>
         <load_address>0x15c97</load_address>
         <run_address>0x15c97</run_address>
         <size>0x46</size>
         <input_file_ref idref="fl-d1"/>
      </object_component>
      <object_component id="oc-a4">
         <name>.debug_info</name>
         <load_address>0x15cdd</load_address>
         <run_address>0x15cdd</run_address>
         <size>0x2c</size>
         <input_file_ref idref="fl-d1"/>
      </object_component>
      <object_component id="oc-55">
         <name>.debug_info</name>
         <load_address>0x15d09</load_address>
         <run_address>0x15d09</run_address>
         <size>0x2c9</size>
         <input_file_ref idref="fl-d2"/>
      </object_component>
      <object_component id="oc-24">
         <name>.debug_info</name>
         <load_address>0x15fd2</load_address>
         <run_address>0x15fd2</run_address>
         <size>0x1aa</size>
         <input_file_ref idref="fl-d2"/>
      </object_component>
      <object_component id="oc-50">
         <name>.debug_info</name>
         <load_address>0x1617c</load_address>
         <run_address>0x1617c</run_address>
         <size>0x46</size>
         <input_file_ref idref="fl-d2"/>
      </object_component>
      <object_component id="oc-22f">
         <name>.debug_info</name>
         <load_address>0x161c2</load_address>
         <run_address>0x161c2</run_address>
         <size>0x139</size>
         <input_file_ref idref="fl-d3"/>
      </object_component>
      <object_component id="oc-1c6">
         <name>.debug_info</name>
         <load_address>0x162fb</load_address>
         <run_address>0x162fb</run_address>
         <size>0xf7</size>
         <input_file_ref idref="fl-d3"/>
      </object_component>
      <object_component id="oc-21b">
         <name>.debug_info</name>
         <load_address>0x163f2</load_address>
         <run_address>0x163f2</run_address>
         <size>0x184</size>
         <input_file_ref idref="fl-d3"/>
      </object_component>
      <object_component id="oc-2a5">
         <name>.debug_info</name>
         <load_address>0x16576</load_address>
         <run_address>0x16576</run_address>
         <size>0xae</size>
         <input_file_ref idref="fl-d3"/>
      </object_component>
      <object_component id="oc-d2">
         <name>.debug_info</name>
         <load_address>0x16624</load_address>
         <run_address>0x16624</run_address>
         <size>0x3ce</size>
         <input_file_ref idref="fl-d4"/>
      </object_component>
      <object_component id="oc-cc">
         <name>.debug_info</name>
         <load_address>0x169f2</load_address>
         <run_address>0x169f2</run_address>
         <size>0x185</size>
         <input_file_ref idref="fl-d4"/>
      </object_component>
      <object_component id="oc-6f">
         <name>.debug_info</name>
         <load_address>0x16b77</load_address>
         <run_address>0x16b77</run_address>
         <size>0x214</size>
         <input_file_ref idref="fl-d4"/>
      </object_component>
      <object_component id="oc-21f">
         <name>.debug_info</name>
         <load_address>0x16d8b</load_address>
         <run_address>0x16d8b</run_address>
         <size>0x3d6</size>
         <input_file_ref idref="fl-d5"/>
      </object_component>
      <object_component id="oc-1bb">
         <name>.debug_info</name>
         <load_address>0x17161</load_address>
         <run_address>0x17161</run_address>
         <size>0x455</size>
         <input_file_ref idref="fl-d5"/>
      </object_component>
      <object_component id="oc-fe">
         <name>.debug_info</name>
         <load_address>0x175b6</load_address>
         <run_address>0x175b6</run_address>
         <size>0x2c</size>
         <input_file_ref idref="fl-d5"/>
      </object_component>
      <object_component id="oc-24a">
         <name>.debug_info</name>
         <load_address>0x175e2</load_address>
         <run_address>0x175e2</run_address>
         <size>0x417</size>
         <input_file_ref idref="fl-d6"/>
      </object_component>
      <object_component id="oc-200">
         <name>.debug_info</name>
         <load_address>0x179f9</load_address>
         <run_address>0x179f9</run_address>
         <size>0x282</size>
         <input_file_ref idref="fl-d6"/>
      </object_component>
      <object_component id="oc-3f">
         <name>.debug_info</name>
         <load_address>0x17c7b</load_address>
         <run_address>0x17c7b</run_address>
         <size>0x111</size>
         <input_file_ref idref="fl-d7"/>
      </object_component>
      <object_component id="oc-4c">
         <name>.debug_info</name>
         <load_address>0x17d8c</load_address>
         <run_address>0x17d8c</run_address>
         <size>0x13f</size>
         <input_file_ref idref="fl-d8"/>
      </object_component>
      <object_component id="oc-57">
         <name>.debug_info</name>
         <load_address>0x17ecb</load_address>
         <run_address>0x17ecb</run_address>
         <size>0x138</size>
         <input_file_ref idref="fl-d9"/>
      </object_component>
      <object_component id="oc-28b">
         <name>.debug_info</name>
         <load_address>0x18003</load_address>
         <run_address>0x18003</run_address>
         <size>0x3f7</size>
         <input_file_ref idref="fl-da"/>
      </object_component>
      <object_component id="oc-20f">
         <name>.debug_info</name>
         <load_address>0x183fa</load_address>
         <run_address>0x183fa</run_address>
         <size>0x23a</size>
         <input_file_ref idref="fl-da"/>
      </object_component>
      <object_component id="oc-2de">
         <name>.debug_info</name>
         <load_address>0x18634</load_address>
         <run_address>0x18634</run_address>
         <size>0x120</size>
         <input_file_ref idref="fl-da"/>
      </object_component>
      <object_component id="oc-5d">
         <name>.debug_info</name>
         <load_address>0x18754</load_address>
         <run_address>0x18754</run_address>
         <size>0x148</size>
         <input_file_ref idref="fl-db"/>
      </object_component>
      <object_component id="oc-227">
         <name>.debug_info</name>
         <load_address>0x1889c</load_address>
         <run_address>0x1889c</run_address>
         <size>0x35a</size>
         <input_file_ref idref="fl-dc"/>
      </object_component>
      <object_component id="oc-1c1">
         <name>.debug_info</name>
         <load_address>0x18bf6</load_address>
         <run_address>0x18bf6</run_address>
         <size>0x200</size>
         <input_file_ref idref="fl-dc"/>
      </object_component>
      <object_component id="oc-228">
         <name>.debug_info</name>
         <load_address>0x18df6</load_address>
         <run_address>0x18df6</run_address>
         <size>0xbb</size>
         <input_file_ref idref="fl-dc"/>
      </object_component>
      <object_component id="oc-75">
         <name>.debug_info</name>
         <load_address>0x18eb1</load_address>
         <run_address>0x18eb1</run_address>
         <size>0x109</size>
         <input_file_ref idref="fl-dd"/>
      </object_component>
      <object_component id="oc-2b5">
         <name>.debug_info</name>
         <load_address>0x18fba</load_address>
         <run_address>0x18fba</run_address>
         <size>0x28f</size>
         <input_file_ref idref="fl-de"/>
      </object_component>
      <object_component id="oc-244">
         <name>.debug_info</name>
         <load_address>0x19249</load_address>
         <run_address>0x19249</run_address>
         <size>0x244</size>
         <input_file_ref idref="fl-de"/>
      </object_component>
      <object_component id="oc-2b3">
         <name>.debug_info</name>
         <load_address>0x1948d</load_address>
         <run_address>0x1948d</run_address>
         <size>0x27f</size>
         <input_file_ref idref="fl-df"/>
      </object_component>
      <object_component id="oc-241">
         <name>.debug_info</name>
         <load_address>0x1970c</load_address>
         <run_address>0x1970c</run_address>
         <size>0x258</size>
         <input_file_ref idref="fl-df"/>
      </object_component>
      <object_component id="oc-24c">
         <name>.debug_info</name>
         <load_address>0x19964</load_address>
         <run_address>0x19964</run_address>
         <size>0x290</size>
         <input_file_ref idref="fl-e0"/>
      </object_component>
      <object_component id="oc-203">
         <name>.debug_info</name>
         <load_address>0x19bf4</load_address>
         <run_address>0x19bf4</run_address>
         <size>0x259</size>
         <input_file_ref idref="fl-e0"/>
      </object_component>
      <object_component id="oc-279">
         <name>.debug_info</name>
         <load_address>0x19e4d</load_address>
         <run_address>0x19e4d</run_address>
         <size>0x4c5</size>
         <input_file_ref idref="fl-e1"/>
      </object_component>
      <object_component id="oc-20a">
         <name>.debug_info</name>
         <load_address>0x1a312</load_address>
         <run_address>0x1a312</run_address>
         <size>0xf8</size>
         <input_file_ref idref="fl-e1"/>
      </object_component>
      <object_component id="oc-288">
         <name>.debug_info</name>
         <load_address>0x1a40a</load_address>
         <run_address>0x1a40a</run_address>
         <size>0xf8</size>
         <input_file_ref idref="fl-e1"/>
      </object_component>
      <object_component id="oc-2e8">
         <name>.debug_info</name>
         <load_address>0x1a502</load_address>
         <run_address>0x1a502</run_address>
         <size>0x184</size>
         <input_file_ref idref="fl-e1"/>
      </object_component>
      <object_component id="oc-170">
         <name>.debug_info</name>
         <load_address>0x1a686</load_address>
         <run_address>0x1a686</run_address>
         <size>0x2be</size>
         <input_file_ref idref="fl-e2"/>
      </object_component>
      <object_component id="oc-cf">
         <name>.debug_info</name>
         <load_address>0x1a944</load_address>
         <run_address>0x1a944</run_address>
         <size>0x113</size>
         <input_file_ref idref="fl-e2"/>
      </object_component>
      <object_component id="oc-169">
         <name>.debug_info</name>
         <load_address>0x1aa57</load_address>
         <run_address>0x1aa57</run_address>
         <size>0x21f</size>
         <input_file_ref idref="fl-e2"/>
      </object_component>
      <object_component id="oc-ca">
         <name>.debug_info</name>
         <load_address>0x1ac76</load_address>
         <run_address>0x1ac76</run_address>
         <size>0x300</size>
         <input_file_ref idref="fl-e3"/>
      </object_component>
      <object_component id="oc-6c">
         <name>.debug_info</name>
         <load_address>0x1af76</load_address>
         <run_address>0x1af76</run_address>
         <size>0x167</size>
         <input_file_ref idref="fl-e3"/>
      </object_component>
      <object_component id="oc-161">
         <name>.debug_info</name>
         <load_address>0x1b0dd</load_address>
         <run_address>0x1b0dd</run_address>
         <size>0x5e</size>
         <input_file_ref idref="fl-e3"/>
      </object_component>
      <object_component id="oc-c2">
         <name>.debug_info</name>
         <load_address>0x1b13b</load_address>
         <run_address>0x1b13b</run_address>
         <size>0x483</size>
         <input_file_ref idref="fl-e4"/>
      </object_component>
      <object_component id="oc-65">
         <name>.debug_info</name>
         <load_address>0x1b5be</load_address>
         <run_address>0x1b5be</run_address>
         <size>0x190</size>
         <input_file_ref idref="fl-e4"/>
      </object_component>
      <object_component id="oc-10f">
         <name>.debug_info</name>
         <load_address>0x1b74e</load_address>
         <run_address>0x1b74e</run_address>
         <size>0x39</size>
         <input_file_ref idref="fl-e4"/>
      </object_component>
      <object_component id="oc-199">
         <name>.debug_info</name>
         <load_address>0x1b787</load_address>
         <run_address>0x1b787</run_address>
         <size>0x39</size>
         <input_file_ref idref="fl-e4"/>
      </object_component>
      <object_component id="oc-114">
         <name>.debug_info</name>
         <load_address>0x1b7c0</load_address>
         <run_address>0x1b7c0</run_address>
         <size>0xcd</size>
         <input_file_ref idref="fl-e4"/>
      </object_component>
      <object_component id="oc-10b">
         <name>.debug_info</name>
         <load_address>0x1b88d</load_address>
         <run_address>0x1b88d</run_address>
         <size>0x37a</size>
         <input_file_ref idref="fl-e5"/>
      </object_component>
      <object_component id="oc-b7">
         <name>.debug_info</name>
         <load_address>0x1bc07</load_address>
         <run_address>0x1bc07</run_address>
         <size>0x183</size>
         <input_file_ref idref="fl-e5"/>
      </object_component>
      <object_component id="oc-194">
         <name>.debug_info</name>
         <load_address>0x1bd8a</load_address>
         <run_address>0x1bd8a</run_address>
         <size>0x2c</size>
         <input_file_ref idref="fl-e5"/>
      </object_component>
      <object_component id="oc-2a0">
         <name>.debug_info</name>
         <load_address>0x1bdb6</load_address>
         <run_address>0x1bdb6</run_address>
         <size>0x39a</size>
         <input_file_ref idref="fl-e6"/>
      </object_component>
      <object_component id="oc-215">
         <name>.debug_info</name>
         <load_address>0x1c150</load_address>
         <run_address>0x1c150</run_address>
         <size>0x298</size>
         <input_file_ref idref="fl-e6"/>
      </object_component>
      <object_component id="oc-2ee">
         <name>.debug_info</name>
         <load_address>0x1c3e8</load_address>
         <run_address>0x1c3e8</run_address>
         <size>0x33c</size>
         <input_file_ref idref="fl-e7"/>
      </object_component>
      <object_component id="oc-28d">
         <name>.debug_info</name>
         <load_address>0x1c724</load_address>
         <run_address>0x1c724</run_address>
         <size>0x25a</size>
         <input_file_ref idref="fl-e7"/>
      </object_component>
      <object_component id="oc-2cb">
         <name>.debug_info</name>
         <load_address>0x1c97e</load_address>
         <run_address>0x1c97e</run_address>
         <size>0x368</size>
         <input_file_ref idref="fl-e8"/>
      </object_component>
      <object_component id="oc-254">
         <name>.debug_info</name>
         <load_address>0x1cce6</load_address>
         <run_address>0x1cce6</run_address>
         <size>0x1b1</size>
         <input_file_ref idref="fl-e8"/>
      </object_component>
      <object_component id="oc-2d1">
         <name>.debug_info</name>
         <load_address>0x1ce97</load_address>
         <run_address>0x1ce97</run_address>
         <size>0x36d</size>
         <input_file_ref idref="fl-e9"/>
      </object_component>
      <object_component id="oc-266">
         <name>.debug_info</name>
         <load_address>0x1d204</load_address>
         <run_address>0x1d204</run_address>
         <size>0x205</size>
         <input_file_ref idref="fl-e9"/>
      </object_component>
      <object_component id="oc-2c7">
         <name>.debug_info</name>
         <load_address>0x1d409</load_address>
         <run_address>0x1d409</run_address>
         <size>0x3cb</size>
         <input_file_ref idref="fl-ea"/>
      </object_component>
      <object_component id="oc-251">
         <name>.debug_info</name>
         <load_address>0x1d7d4</load_address>
         <run_address>0x1d7d4</run_address>
         <size>0x201</size>
         <input_file_ref idref="fl-ea"/>
      </object_component>
      <object_component id="oc-2cd">
         <name>.debug_info</name>
         <load_address>0x1d9d5</load_address>
         <run_address>0x1d9d5</run_address>
         <size>0x36c</size>
         <input_file_ref idref="fl-eb"/>
      </object_component>
      <object_component id="oc-25d">
         <name>.debug_info</name>
         <load_address>0x1dd41</load_address>
         <run_address>0x1dd41</run_address>
         <size>0x1f0</size>
         <input_file_ref idref="fl-eb"/>
      </object_component>
      <object_component id="oc-2db">
         <name>.debug_info</name>
         <load_address>0x1df31</load_address>
         <run_address>0x1df31</run_address>
         <size>0x3f3</size>
         <input_file_ref idref="fl-ec"/>
      </object_component>
      <object_component id="oc-272">
         <name>.debug_info</name>
         <load_address>0x1e324</load_address>
         <run_address>0x1e324</run_address>
         <size>0x22b</size>
         <input_file_ref idref="fl-ec"/>
      </object_component>
      <object_component id="oc-2d3">
         <name>.debug_info</name>
         <load_address>0x1e54f</load_address>
         <run_address>0x1e54f</run_address>
         <size>0x3be</size>
         <input_file_ref idref="fl-ed"/>
      </object_component>
      <object_component id="oc-26e">
         <name>.debug_info</name>
         <load_address>0x1e90d</load_address>
         <run_address>0x1e90d</run_address>
         <size>0x1bb</size>
         <input_file_ref idref="fl-ed"/>
      </object_component>
      <object_component id="oc-2cf">
         <name>.debug_info</name>
         <load_address>0x1eac8</load_address>
         <run_address>0x1eac8</run_address>
         <size>0x36d</size>
         <input_file_ref idref="fl-ee"/>
      </object_component>
      <object_component id="oc-260">
         <name>.debug_info</name>
         <load_address>0x1ee35</load_address>
         <run_address>0x1ee35</run_address>
         <size>0x1f5</size>
         <input_file_ref idref="fl-ee"/>
      </object_component>
      <object_component id="oc-9b">
         <name>.debug_info</name>
         <load_address>0x1f02a</load_address>
         <run_address>0x1f02a</run_address>
         <size>0x3bc</size>
         <input_file_ref idref="fl-ef"/>
      </object_component>
      <object_component id="oc-31">
         <name>.debug_info</name>
         <load_address>0x1f3e6</load_address>
         <run_address>0x1f3e6</run_address>
         <size>0x101</size>
         <input_file_ref idref="fl-ef"/>
      </object_component>
      <object_component id="oc-2ab">
         <name>.debug_info</name>
         <load_address>0x1f4e7</load_address>
         <run_address>0x1f4e7</run_address>
         <size>0x14c</size>
         <input_file_ref idref="fl-ef"/>
      </object_component>
      <object_component id="oc-221">
         <name>.debug_info</name>
         <load_address>0x1f633</load_address>
         <run_address>0x1f633</run_address>
         <size>0x885</size>
         <input_file_ref idref="fl-ef"/>
      </object_component>
      <object_component id="oc-103">
         <name>.debug_info</name>
         <load_address>0x1feb8</load_address>
         <run_address>0x1feb8</run_address>
         <size>0x62</size>
         <input_file_ref idref="fl-ef"/>
      </object_component>
      <object_component id="oc-bc">
         <name>.debug_info</name>
         <load_address>0x1ff1a</load_address>
         <run_address>0x1ff1a</run_address>
         <size>0x145</size>
         <input_file_ref idref="fl-f1"/>
      </object_component>
      <object_component id="oc-30f">
         <name>.debug_info</name>
         <load_address>0x2005f</load_address>
         <run_address>0x2005f</run_address>
         <size>0x28a</size>
         <input_file_ref idref="fl-f2"/>
      </object_component>
      <object_component id="oc-2d5">
         <name>.debug_info</name>
         <load_address>0x202e9</load_address>
         <run_address>0x202e9</run_address>
         <size>0x231</size>
         <input_file_ref idref="fl-f2"/>
      </object_component>
      <object_component id="oc-2fc">
         <name>.debug_info</name>
         <load_address>0x2051a</load_address>
         <run_address>0x2051a</run_address>
         <size>0x284</size>
         <input_file_ref idref="fl-f3"/>
      </object_component>
      <object_component id="oc-2bc">
         <name>.debug_info</name>
         <load_address>0x2079e</load_address>
         <run_address>0x2079e</run_address>
         <size>0x22a</size>
         <input_file_ref idref="fl-f3"/>
      </object_component>
      <object_component id="oc-301">
         <name>.debug_info</name>
         <load_address>0x209c8</load_address>
         <run_address>0x209c8</run_address>
         <size>0x2b0</size>
         <input_file_ref idref="fl-f4"/>
      </object_component>
      <object_component id="oc-2fe">
         <name>.debug_info</name>
         <load_address>0x20c78</load_address>
         <run_address>0x20c78</run_address>
         <size>0xfd</size>
         <input_file_ref idref="fl-f4"/>
      </object_component>
      <object_component id="oc-2c1">
         <name>.debug_info</name>
         <load_address>0x20d75</load_address>
         <run_address>0x20d75</run_address>
         <size>0x281</size>
         <input_file_ref idref="fl-f4"/>
      </object_component>
      <object_component id="oc-2f2">
         <name>.debug_info</name>
         <load_address>0x20ff6</load_address>
         <run_address>0x20ff6</run_address>
         <size>0x3c6</size>
         <input_file_ref idref="fl-f5"/>
      </object_component>
      <object_component id="oc-29a">
         <name>.debug_info</name>
         <load_address>0x213bc</load_address>
         <run_address>0x213bc</run_address>
         <size>0x19a</size>
         <input_file_ref idref="fl-f5"/>
      </object_component>
      <object_component id="oc-2f0">
         <name>.debug_info</name>
         <load_address>0x21556</load_address>
         <run_address>0x21556</run_address>
         <size>0x3c4</size>
         <input_file_ref idref="fl-f6"/>
      </object_component>
      <object_component id="oc-295">
         <name>.debug_info</name>
         <load_address>0x2191a</load_address>
         <run_address>0x2191a</run_address>
         <size>0x18a</size>
         <input_file_ref idref="fl-f6"/>
      </object_component>
      <object_component id="oc-34c">
         <name>.debug_info</name>
         <load_address>0x21aa4</load_address>
         <run_address>0x21aa4</run_address>
         <size>0x8d</size>
      </object_component>
      <object_component id="oc-1f2">
         <name>.debug_line</name>
         <load_address>0x0</load_address>
         <run_address>0x0</run_address>
         <size>0x20</size>
         <input_file_ref idref="fl-2"/>
      </object_component>
      <object_component id="oc-11d">
         <name>.debug_line</name>
         <load_address>0x20</load_address>
         <run_address>0x20</run_address>
         <size>0xc9</size>
         <input_file_ref idref="fl-2"/>
      </object_component>
      <object_component id="oc-17d">
         <name>.debug_line</name>
         <load_address>0xe9</load_address>
         <run_address>0xe9</run_address>
         <size>0x52</size>
         <input_file_ref idref="fl-2"/>
      </object_component>
      <object_component id="oc-182">
         <name>.debug_line</name>
         <load_address>0x13b</load_address>
         <run_address>0x13b</run_address>
         <size>0x55</size>
         <input_file_ref idref="fl-2"/>
      </object_component>
      <object_component id="oc-3c">
         <name>.debug_line</name>
         <load_address>0x190</load_address>
         <run_address>0x190</run_address>
         <size>0x20</size>
         <input_file_ref idref="fl-2"/>
      </object_component>
      <object_component id="oc-e4">
         <name>.debug_line</name>
         <load_address>0x1b0</load_address>
         <run_address>0x1b0</run_address>
         <size>0x65</size>
         <input_file_ref idref="fl-2"/>
      </object_component>
      <object_component id="oc-191">
         <name>.debug_line</name>
         <load_address>0x215</load_address>
         <run_address>0x215</run_address>
         <size>0x3b</size>
         <input_file_ref idref="fl-3"/>
      </object_component>
      <object_component id="oc-95">
         <name>.debug_line</name>
         <load_address>0x250</load_address>
         <run_address>0x250</run_address>
         <size>0x94</size>
         <input_file_ref idref="fl-3"/>
      </object_component>
      <object_component id="oc-232">
[...]
      </symbol>
      <symbol id="sm-4ad">
         <name>UART0_InUDec</name>
         <value>0x1425</value>
         <object_component_ref idref="oc-125"/>
      </symbol>
      <symbol id="sm-4ae">
         <name>UART0_InUHex</name>
         <value>0x1719</value>
         <object_component_ref idref="oc-125"/>
      </symbol>
      <symbol id="sm-4c3">
         <name>Reset_Handler</name>
         <value>0x44ef</value>
         <object_component_ref idref="oc-78"/>
      </symbol>
      <symbol id="sm-4c4">
         <name>Default_Handler</name>
         <value>0x44fb</value>
         <object_component_ref idref="oc-78"/>
      </symbol>
      <symbol id="sm-4c5">
         <name>interruptVectors</name>
         <value>0x0</value>
         <object_component_ref idref="oc-2c"/>
      </symbol>
      <symbol id="sm-50b">
         <name>SystemInit</name>
         <value>0x2651</value>
         <object_component_ref idref="oc-d6"/>
      </symbol>
      <symbol id="sm-50c">
         <name>SystemCoreClockUpdate</name>
         <value>0x23dd</value>
         <object_component_ref idref="oc-d6"/>
      </symbol>
      <symbol id="sm-50d">
         <name>SystemCoreClock</name>
         <value>0x20003b60</value>
         <object_component_ref idref="oc-174"/>
      </symbol>
      <symbol id="sm-532">
         <name>add_device</name>
         <value>0x3ab1</value>
         <object_component_ref idref="oc-1b3"/>
      </symbol>
      <symbol id="sm-543">
         <name>_c_int00</name>
         <value>0x4231</value>
         <object_component_ref idref="oc-26"/>
      </symbol>
      <symbol id="sm-544">
         <name>__stack</name>
         <value>0x2000fe00</value>
         <object_component_ref idref="oc-2f"/>
      </symbol>
      <symbol id="sm-562">
         <name>__TI_decompress_lzss</name>
         <value>0x3f25</value>
         <object_component_ref idref="oc-14"/>
      </symbol>
      <symbol id="sm-579">
         <name>__TI_decompress_none</name>
         <value>0x44e1</value>
         <object_component_ref idref="oc-1a"/>
      </symbol>
      <symbol id="sm-58b">
         <name>__TI_zero_init</name>
         <value>0x44fd</value>
         <object_component_ref idref="oc-20"/>
      </symbol>
      <symbol id="sm-5a5">
         <name>__TI_tmpnams</name>
         <value>0x20003320</value>
      </symbol>
      <symbol id="sm-5a6">
         <name>__aeabi_stdout</name>
         <value>0x20003b20</value>
         <object_component_ref idref="oc-21a"/>
      </symbol>
      <symbol id="sm-5a7">
         <name>__aeabi_stderr</name>
         <value>0x20003b24</value>
         <object_component_ref idref="oc-21a"/>
      </symbol>
      <symbol id="sm-5a8">
         <name>__aeabi_stdin</name>
         <value>0x20003b1c</value>
         <object_component_ref idref="oc-21a"/>
      </symbol>
      <symbol id="sm-5a9">
         <name>_ftable</name>
         <value>0x20003930</value>
         <object_component_ref idref="oc-1c5"/>
      </symbol>
      <symbol id="sm-5aa">
         <name>__TI_ft_end</name>
         <value>0x20003b18</value>
         <object_component_ref idref="oc-21a"/>
      </symbol>
      <symbol id="sm-5cb">
         <name>C$$EXIT</name>
         <value>0x4285</value>
         <object_component_ref idref="oc-6e"/>
      </symbol>
      <symbol id="sm-5cc">
         <name>abort</name>
         <value>0x4289</value>
         <object_component_ref idref="oc-6e"/>
      </symbol>
      <symbol id="sm-5cd">
         <name>exit</name>
         <value>0x4291</value>
         <object_component_ref idref="oc-6e"/>
      </symbol>
      <symbol id="sm-5ce">
         <name>__TI_dtors_ptr</name>
         <value>0x20003b2c</value>
         <object_component_ref idref="oc-cb"/>
      </symbol>
      <symbol id="sm-5cf">
         <name>__TI_cleanup_ptr</name>
         <value>0x20003b28</value>
         <object_component_ref idref="oc-cb"/>
      </symbol>
      <symbol id="sm-5d0">
         <name>__TI_enable_exit_profile_output</name>
         <value>0x20003b30</value>
         <object_component_ref idref="oc-cb"/>
      </symbol>
      <symbol id="sm-607">
         <name>__TI_cleanup</name>
         <value>0x306d</value>
         <object_component_ref idref="oc-1b9"/>
      </symbol>
      <symbol id="sm-608">
         <name>freopen</name>
         <value>0x3099</value>
         <object_component_ref idref="oc-1b9"/>
      </symbol>
      <symbol id="sm-609">
         <name>fopen</name>
         <value>0x30c3</value>
         <object_component_ref idref="oc-1b9"/>
      </symbol>
      <symbol id="sm-61e">
         <name>finddevice</name>
         <value>0x3eb5</value>
         <object_component_ref idref="oc-1fc"/>
      </symbol>
      <symbol id="sm-61f">
         <name>getdevice</name>
         <value>0x3edf</value>
         <object_component_ref idref="oc-1fc"/>
      </symbol>
      <symbol id="sm-63a">
         <name>memcpy</name>
         <value>0x3c11</value>
         <object_component_ref idref="oc-3e"/>
      </symbol>
      <symbol id="sm-63b">
         <name>__aeabi_memcpy</name>
         <value>0x3c11</value>
         <object_component_ref idref="oc-3e"/>
      </symbol>
      <symbol id="sm-63c">
         <name>__aeabi_memcpy8</name>
         <value>0x3c11</value>
         <object_component_ref idref="oc-3e"/>
      </symbol>
      <symbol id="sm-63d">
         <name>__aeabi_memcpy4</name>
         <value>0x3c11</value>
         <object_component_ref idref="oc-3e"/>
      </symbol>
      <symbol id="sm-64c">
         <name>__aeabi_memset</name>
         <value>0x3dcb</value>
         <object_component_ref idref="oc-4a"/>
      </symbol>
      <symbol id="sm-64d">
         <name>memset</name>
         <value>0x3dd1</value>
         <object_component_ref idref="oc-4a"/>
      </symbol>
      <symbol id="sm-64e">
         <name>__aeabi_memset8</name>
         <value>0x3dcb</value>
         <object_component_ref idref="oc-4a"/>
      </symbol>
      <symbol id="sm-64f">
         <name>__aeabi_memset4</name>
         <value>0x3dcb</value>
         <object_component_ref idref="oc-4a"/>
      </symbol>
      <symbol id="sm-650">
         <name>__aeabi_memclr8</name>
         <value>0x3dc9</value>
         <object_component_ref idref="oc-4a"/>
      </symbol>
      <symbol id="sm-651">
         <name>__aeabi_memclr4</name>
         <value>0x3dc9</value>
         <object_component_ref idref="oc-4a"/>
      </symbol>
      <symbol id="sm-652">
         <name>__aeabi_memclr</name>
         <value>0x3dc9</value>
         <object_component_ref idref="oc-4a"/>
      </symbol>
      <symbol id="sm-65c">
         <name>__mpu_init</name>
         <value>0x200b</value>
         <object_component_ref idref="oc-56"/>
      </symbol>
      <symbol id="sm-67e">
         <name>open</name>
         <value>0x39f5</value>
         <object_component_ref idref="oc-20e"/>
      </symbol>
      <symbol id="sm-688">
         <name>_system_pre_init</name>
         <value>0x4509</value>
         <object_component_ref idref="oc-5c"/>
      </symbol>
      <symbol id="sm-6a9">
         <name>setvbuf</name>
         <value>0x3851</value>
         <object_component_ref idref="oc-1bf"/>
      </symbol>
      <symbol id="sm-6b1">
         <name>main_func_sp</name>
         <value>0x20003b5c</value>
         <object_component_ref idref="oc-74"/>
      </symbol>
      <symbol id="sm-6c1">
         <name>strchr</name>
         <value>0x448d</value>
         <object_component_ref idref="oc-243"/>
      </symbol>
      <symbol id="sm-6d0">
         <name>strcmp</name>
         <value>0x4475</value>
         <object_component_ref idref="oc-23d"/>
      </symbol>
      <symbol id="sm-6e0">
         <name>strncpy</name>
         <value>0x43ad</value>
         <object_component_ref idref="oc-202"/>
      </symbol>
      <symbol id="sm-6fc">
         <name>_stream</name>
         <value>0x20003a98</value>
         <object_component_ref idref="oc-287"/>
      </symbol>
      <symbol id="sm-6fd">
         <name>_device</name>
         <value>0x20003a20</value>
         <object_component_ref idref="oc-209"/>
      </symbol>
      <symbol id="sm-6fe">
         <name>write</name>
         <value>0x4411</value>
         <object_component_ref idref="oc-2e7"/>
      </symbol>
      <symbol id="sm-717">
         <name>_nop</name>
         <value>0x44b3</value>
         <object_component_ref idref="oc-168"/>
      </symbol>
      <symbol id="sm-718">
         <name>_lock</name>
         <value>0x20003b40</value>
         <object_component_ref idref="oc-ce"/>
      </symbol>
      <symbol id="sm-719">
         <name>_unlock</name>
         <value>0x20003b44</value>
         <object_component_ref idref="oc-ce"/>
      </symbol>
      <symbol id="sm-71a">
         <name>_register_lock</name>
         <value>0x44ab</value>
         <object_component_ref idref="oc-168"/>
      </symbol>
      <symbol id="sm-71b">
         <name>_register_unlock</name>
         <value>0x44a5</value>
         <object_component_ref idref="oc-168"/>
      </symbol>
      <symbol id="sm-72f">
         <name>_args_main</name>
         <value>0x445d</value>
         <object_component_ref idref="oc-68"/>
      </symbol>
      <symbol id="sm-759">
         <name>__TI_auto_init</name>
         <value>0x3e45</value>
         <object_component_ref idref="oc-62"/>
      </symbol>
      <symbol id="sm-773">
         <name>copy_in</name>
         <value>0x42d9</value>
         <object_component_ref idref="oc-b5"/>
      </symbol>
      <symbol id="sm-789">
         <name>__TI_closefile</name>
         <value>0x3cad</value>
         <object_component_ref idref="oc-214"/>
      </symbol>
      <symbol id="sm-78a">
         <name>fclose</name>
         <value>0x3d13</value>
         <object_component_ref idref="oc-214"/>
      </symbol>
      <symbol id="sm-7a4">
         <name>__TI_doflush</name>
         <value>0x392d</value>
         <object_component_ref idref="oc-28c"/>
      </symbol>
      <symbol id="sm-7a5">
         <name>fflush</name>
         <value>0x3979</value>
         <object_component_ref idref="oc-28c"/>
      </symbol>
      <symbol id="sm-7b6">
         <name>HOSTclose</name>
         <value>0x4325</value>
         <object_component_ref idref="oc-253"/>
      </symbol>
      <symbol id="sm-7c7">
         <name>HOSTlseek</name>
         <value>0x3f8d</value>
         <object_component_ref idref="oc-265"/>
      </symbol>
      <symbol id="sm-7d9">
         <name>parmbuf</name>
         <value>0x200034d4</value>
      </symbol>
      <symbol id="sm-7da">
         <name>HOSTopen</name>
         <value>0x40c5</value>
         <object_component_ref idref="oc-24d"/>
      </symbol>
      <symbol id="sm-7eb">
         <name>HOSTread</name>
         <value>0x4181</value>
         <object_component_ref idref="oc-259"/>
      </symbol>
      <symbol id="sm-7fc">
         <name>HOSTrename</name>
         <value>0x3ff5</value>
         <object_component_ref idref="oc-271"/>
      </symbol>
      <symbol id="sm-80d">
         <name>HOSTunlink</name>
         <value>0x4369</value>
         <object_component_ref idref="oc-26b"/>
      </symbol>
      <symbol id="sm-81e">
         <name>HOSTwrite</name>
         <value>0x41d9</value>
         <object_component_ref idref="oc-25f"/>
      </symbol>
      <symbol id="sm-890">
         <name>_sys_memory</name>
         <value>0x20003530</value>
         <object_component_ref idref="oc-30"/>
      </symbol>
      <symbol id="sm-891">
         <name>free</name>
         <value>0x20f7</value>
         <object_component_ref idref="oc-220"/>
      </symbol>
      <symbol id="sm-892">
         <name>realloc</name>
         <value>0x21b7</value>
         <object_component_ref idref="oc-220"/>
      </symbol>
      <symbol id="sm-893">
         <name>memalign</name>
         <value>0x22c1</value>
         <object_component_ref idref="oc-220"/>
      </symbol>
      <symbol id="sm-894">
         <name>calloc</name>
         <value>0x23ad</value>
         <object_component_ref idref="oc-220"/>
      </symbol>
      <symbol id="sm-895">
         <name>malloc</name>
         <value>0x208d</value>
         <object_component_ref idref="oc-220"/>
      </symbol>
      <symbol id="sm-896">
         <name>minit</name>
         <value>0x200d</value>
         <object_component_ref idref="oc-220"/>
      </symbol>
      <symbol id="sm-8a1">
         <name>_system_post_cinit</name>
         <value>0x3e43</value>
         <object_component_ref idref="oc-bb"/>
      </symbol>
      <symbol id="sm-8af">
         <name>strcpy</name>
         <value>0x44b9</value>
         <object_component_ref idref="oc-2d4"/>
      </symbol>
      <symbol id="sm-8bd">
         <name>strlen</name>
         <value>0x44cd</value>
         <object_component_ref idref="oc-2ba"/>
      </symbol>
      <symbol id="sm-8d8">
         <name>__TI_readmsg</name>
         <value>0x408f</value>
         <object_component_ref idref="oc-2c0"/>
      </symbol>
      <symbol id="sm-8d9">
         <name>C$$IO$$</name>
         <value>0x408b</value>
         <object_component_ref idref="oc-2c0"/>
      </symbol>
      <symbol id="sm-8da">
         <name>__CIOBUF_</name>
         <value>0x20003200</value>
         <object_component_ref idref="oc-2fd"/>
      </symbol>
      <symbol id="sm-8db">
         <name>__TI_writemsg</name>
         <value>0x405d</value>
         <object_component_ref idref="oc-2c0"/>
      </symbol>
      <symbol id="sm-8eb">
         <name>unlink</name>
         <value>0x43e5</value>
         <object_component_ref idref="oc-298"/>
      </symbol>
      <symbol id="sm-8ff">
         <name>close</name>
         <value>0x4125</value>
         <object_component_ref idref="oc-292"/>
      </symbol>
      <symbol id="sm-900">
         <name>__TI_static_base__</name>
         <value>0x0</value>
      </symbol>
      <symbol id="sm-903">
         <name>SHT$$INIT_ARRAY$$Limit</name>
         <value>0x0</value>
      </symbol>
      <symbol id="sm-904">
         <name>SHT$$INIT_ARRAY$$Base</name>
         <value>0x0</value>
      </symbol>
      <symbol id="sm-905">
         <name>NMI_Handler</name>
         <value>0x44fb</value>
      </symbol>
      <symbol id="sm-906">
         <name>HardFault_Handler</name>
         <value>0x44fb</value>
      </symbol>
      <symbol id="sm-907">
         <name>MemManage_Handler</name>
         <value>0x44fb</value>
      </symbol>
      <symbol id="sm-908">
         <name>BusFault_Handler</name>
         <value>0x44fb</value>
      </symbol>
      <symbol id="sm-909">
         <name>UsageFault_Handler</name>
         <value>0x44fb</value>
      </symbol>
      <symbol id="sm-90a">
         <name>SVC_Handler</name>
         <value>0x44fb</value>
      </symbol>
      <symbol id="sm-90b">
         <name>DebugMon_Handler</name>
         <value>0x44fb</value>
      </symbol>
      <symbol id="sm-90c">
         <name>PendSV_Handler</name>
         <value>0x44fb</value>
      </symbol>
      <symbol id="sm-90d">
         <name>SysTick_Handler</name>
         <value>0x44fb</value>
      </symbol>
      <symbol id="sm-90e">
         <name>PSS_IRQHandler</name>
         <value>0x44fb</value>
      </symbol>
      <symbol id="sm-90f">
         <name>CS_IRQHandler</name>
         <value>0x44fb</value>
      </symbol>
      <symbol id="sm-910">
         <name>PCM_IRQHandler</name>
         <value>0x44fb</value>
      </symbol>
      <symbol id="sm-911">
         <name>WDT_A_IRQHandler</name>
         <value>0x44fb</value>
      </symbol>
      <symbol id="sm-912">
         <name>FPU_IRQHandler</name>
         <value>0x44fb</value>
      </symbol>
      <symbol id="sm-913">
         <name>FLCTL_IRQHandler</name>
         <value>0x44fb</value>
      </symbol>
      <symbol id="sm-914">
         <name>COMP_E0_IRQHandler</name>
         <value>0x44fb</value>
      </symbol>
      <symbol id="sm-915">
         <name>COMP_E1_IRQHandler</name>
         <value>0x44fb</value>
      </symbol>
      <symbol id="sm-916">
         <name>TA0_0_IRQHandler</name>
         <value>0x44fb</value>
      </symbol>
      <symbol id="sm-917">
         <name>TA0_N_IRQHandler</name>
         <value>0x44fb</value>
      </symbol>
      <symbol id="sm-918">
         <name>TA1_0_IRQHandler</name>
         <value>0x3bdb</value>
      </symbol>
      <symbol id="sm-919">
         <name>TA1_N_IRQHandler</name>
         <value>0x44fb</value>
      </symbol>
      <symbol id="sm-91a">
         <name>TA2_0_IRQHandler</name>
         <value>0x44fb</value>
      </symbol>
      <symbol id="sm-91b">
         <name>TA2_N_IRQHandler</name>
         <value>0x44fb</value>
      </symbol>
      <symbol id="sm-91c">
         <name>TA3_0_IRQHandler</name>
         <value>0x350f</value>
      </symbol>
      <symbol id="sm-91d">
         <name>TA3_N_IRQHandler</name>
         <value>0x3529</value>
      </symbol>
      <symbol id="sm-91e">
         <name>EUSCIA0_IRQHandler</name>
         <value>0x1ae3</value>
      </symbol>
      <symbol id="sm-91f">
         <name>EUSCIA1_IRQHandler</name>
         <value>0x44fb</value>
      </symbol>
      <symbol id="sm-920">
         <name>EUSCIA2_IRQHandler</name>
         <value>0x44fb</value>
      </symbol>
      <symbol id="sm-921">
         <name>EUSCIA3_IRQHandler</name>
         <value>0x44fb</value>
      </symbol>
      <symbol id="sm-922">
         <name>EUSCIB0_IRQHandler</name>
         <value>0x44fb</value>
      </symbol>
      <symbol id="sm-923">
         <name>EUSCIB1_IRQHandler</name>
         <value>0x44fb</value>
      </symbol>
      <symbol id="sm-924">
         <name>EUSCIB2_IRQHandler</name>
         <value>0x44fb</value>
      </symbol>
      <symbol id="sm-925">
         <name>EUSCIB3_IRQHandler</name>
         <value>0x44fb</value>
      </symbol>
      <symbol id="sm-926">
         <name>ADC14_IRQHandler</name>
         <value>0x44fb</value>
      </symbol>
      <symbol id="sm-927">
         <name>T32_INT1_IRQHandler</name>
         <value>0x44fb</value>
      </symbol>
      <symbol id="sm-928">
         <name>T32_INT2_IRQHandler</name>
         <value>0x44fb</value>
      </symbol>
      <symbol id="sm-929">
         <name>T32_INTC_IRQHandler</name>
         <value>0x44fb</value>
      </symbol>
      <symbol id="sm-92a">
         <name>AES256_IRQHandler</name>
         <value>0x44fb</value>
      </symbol>
      <symbol id="sm-92b">
         <name>RTC_C_IRQHandler</name>
         <value>0x44fb</value>
      </symbol>
      <symbol id="sm-92c">
         <name>DMA_ERR_IRQHandler</name>
         <value>0x44fb</value>
      </symbol>
      <symbol id="sm-92d">
         <name>DMA_INT3_IRQHandler</name>
         <value>0x44fb</value>
      </symbol>
      <symbol id="sm-92e">
         <name>DMA_INT2_IRQHandler</name>
         <value>0x44fb</value>
      </symbol>
      <symbol id="sm-92f">
         <name>DMA_INT1_IRQHandler</name>
         <value>0x44fb</value>
      </symbol>
      <symbol id="sm-930">
         <name>DMA_INT0_IRQHandler</name>
         <value>0x44fb</value>
      </symbol>
      <symbol id="sm-931">
         <name>PORT1_IRQHandler</name>
         <value>0x44fb</value>
      </symbol>
      <symbol id="sm-932">
         <name>PORT2_IRQHandler</name>
         <value>0x44fb</value>
      </symbol>
      <symbol id="sm-933">
         <name>PORT3_IRQHandler</name>
         <value>0x44fb</value>
      </symbol>
      <symbol id="sm-934">
         <name>PORT4_IRQHandler</name>
         <value>0x3727</value>
      </symbol>
      <symbol id="sm-935">
         <name>PORT5_IRQHandler</name>
         <value>0x44fb</value>
      </symbol>
      <symbol id="sm-936">
         <name>PORT6_IRQHandler</name>
         <value>0x44fb</value>
      </symbol>
      <symbol id="sm-937">
         <name>remove</name>
         <value>0x43e5</value>
      </symbol>
   </symbol_table>
   <title>Link successful</title>
</link_info>
