******************************************************************************
                  TI ARM Linker PC v16.9.6                     
******************************************************************************
>> Linked Wed Nov 13 16:20:52 2024

OUTPUT FILE NAME:   <Lab5_UARTComms.out>
ENTRY POINT SYMBOL: "_c_int00"  address: 00004231


MEMORY CONFIGURATION

         name            origin    length      used     unused   attr    fill
----------------------  --------  ---------  --------  --------  ----  --------
  MAIN                  00000000   00040000  000045d4  0003ba2c  R  X
  INFO                  00200000   00004000  00000000  00004000  R  X
  SRAM_CODE             01000000   00010000  00003d62  0000c29e  RW X
  SRAM_DATA             20000000   00010000  00003d62  0000c29e  RW  


SEGMENT ALLOCATION MAP

run origin  load origin   length   init length attrs members
----------  ----------- ---------- ----------- ----- -------
00000000    00000000    000045d8   000045d8    r-x
  00000000    00000000    000000e4   000000e4    r-- .intvecs
  000000e4    000000e4    00004428   00004428    r-x .text
  0000450c    0000450c    00000020   00000020    r-- .const
  00004530    00004530    000000a8   000000a8    r-- .cinit
20000000    20000000    00003b64   00000000    rw-
  20000000    20000000    0000352e   00000000    rw- .bss
  20003530    20003530    00000400   00000000    rw- .sysmem
  20003930    20003930    00000234   00000000    rw- .data
2000fe00    2000fe00    00000200   00000000    rw-
  2000fe00    2000fe00    00000200   00000000    rw- .stack


SECTION ALLOCATION MAP

 output                                  attributes/
section   page    origin      length       input sections
--------  ----  ----------  ----------   ----------------
.intvecs   0    00000000    000000e4     
                  00000000    000000e4     startup_msp432p401r_ccs.obj (.intvecs:retain)

.binit     0    00000000    00000000     

.text      0    000000e4    00004428     
                  000000e4    000012b0     Lab5_UARTmain.obj (.text)
                  00001394    000006bc     UART0.obj (.text)
                  00001a50    000005ba     EUSCIA0.obj (.text)
                  0000200a    00000002     rtsv7M4_T_le_v4SPD16_eabi.lib : mpu_init.obj (.text)
                  0000200c    000003d0                                   : memory.obj (.text)
                  000023dc    0000032c     system_msp432p401r.obj (.text)
                  00002708    00000264     Reflectance.obj (.text)
                  0000296c    00000248     LPF.obj (.text)
                  00002bb4    00000210     FIFO0.obj (.text)
                  00002dc4    000001e0     Clock.obj (.text)
                  00002fa4    000001c4     rtsv7M4_T_le_v4SPD16_eabi.lib : fopen.obj (.text)
                  00003168    000001b0     Motor.obj (.text)
                  00003318    00000164     ADC14.obj (.text)
                  0000347c    00000104     TA3InputCapture.obj (.text)
                  00003580    000000f4     LaunchPad.obj (.text)
                  00003674    000000f0     BumpInt.obj (.text)
                  00003764    000000ec     PWM.obj (.text)
                  00003850    000000dc     rtsv7M4_T_le_v4SPD16_eabi.lib : setvbuf.obj (.text)
                  0000392c    000000c8                                   : fflush.obj (.text)
                  000039f4    000000bc                                   : open.obj (.text)
                  00003ab0    000000b8                                   : add_device.obj (.text)
                  00003b68    000000a8     TimerA1.obj (.text)
                  00003c10    0000009c     rtsv7M4_T_le_v4SPD16_eabi.lib : memcpy_t2.obj (.text)
                  00003cac    00000098                                   : fclose.obj (.text)
                  00003d44    00000084     IRDistance.obj (.text)
                  00003dc8    0000007a     rtsv7M4_T_le_v4SPD16_eabi.lib : memset_t2.obj (.text)
                  00003e42    00000002                                   : startup.obj (.text)
                  00003e44    00000070                                   : autoinit.obj (.text)
                  00003eb4    00000070                                   : getdevice.obj (.text)
                  00003f24    00000068                                   : copy_decompress_lzss.obj (.text:decompress:lzss)
                  00003f8c    00000068                                   : hostlseek.obj (.text)
                  00003ff4    00000068                                   : hostrename.obj (.text)
                  0000405c    00000068                                   : trgmsg.obj (.text)
                  000040c4    00000060                                   : hostopen.obj (.text)
                  00004124    0000005c                                   : close.obj (.text)
                  00004180    00000058                                   : hostread.obj (.text)
                  000041d8    00000058                                   : hostwrite.obj (.text)
                  00004230    00000054                                   : boot.obj (.text)
                  00004284    00000054                                   : exit.obj (.text)
                  000042d8    0000004c                                   : cpy_tbl.obj (.text)
                  00004324    00000044                                   : hostclose.obj (.text)
                  00004368    00000044                                   : hostunlink.obj (.text)
                  000043ac    00000036                                   : strncpy.obj (.text)
                  000043e2    00000002     --HOLE-- [fill = 0]
                  000043e4    0000002c                                   : unlink.obj (.text)
                  00004410    00000028                                   : write.obj (.text)
                  00004438    00000024     CortexM.obj (.text)
                  0000445c    00000018     rtsv7M4_T_le_v4SPD16_eabi.lib : args_main.obj (.text)
                  00004474    00000018                                   : strcmp.obj (.text)
                  0000448c    00000016                                   : strchr.obj (.text)
                  000044a2    00000002     --HOLE-- [fill = 0]
                  000044a4    00000014                                   : _lock.obj (.text)
                  000044b8    00000014                                   : strcpy.obj (.text)
                  000044cc    00000014                                   : strlen.obj (.text)
                  000044e0    0000000e                                   : copy_decompress_none.obj (.text:decompress:none)
                  000044ee    0000000e     startup_msp432p401r_ccs.obj (.text)
                  000044fc    0000000c     rtsv7M4_T_le_v4SPD16_eabi.lib : copy_zero_init.obj (.text:decompress:ZI)
                  00004508    00000004                                   : pre_init.obj (.text)

.const     0    0000450c    00000020     
                  0000450c    00000020     Reflectance.obj (.const:$P$T0$1)

.cinit     0    00004530    000000a8     
                  00004530    00000082     (.cinit..data.load) [load image, compression = lzss]
                  000045b2    00000002     --HOLE-- [fill = 0]
                  000045b4    0000000c     (__TI_handler_table)
                  000045c0    00000008     (.cinit..bss.load) [load image, compression = zero_init]
                  000045c8    00000010     (__TI_cinit_table)

.init_array 
*          0    00000000    00000000     UNINITIALIZED

.bss       0    20000000    0000352e     UNINITIALIZED
                  20000000    00001000     (.common:x)
                  20001000    00001000     (.common:x2)
                  20002000    00001000     (.common:x3)
                  20003000    00000200     (.common:TxHistogram)
                  20003200    00000120     rtsv7M4_T_le_v4SPD16_eabi.lib : trgmsg.obj (.bss:_CIOBUF_)
                  20003320    000000a0     (.common:__TI_tmpnams)
                  200033c0    00000082     (.common:RxFifo0)
                  20003442    00000082     (.common:TxFifo0)
                  200034c4    00000008     (.common:Messageb)
                  200034cc    00000008     (.common:Messagec)
                  200034d4    00000008     (.common:parmbuf)
                  200034dc    00000004     (.common:ADCflag)
                  200034e0    00000004     (.common:I1)
                  200034e4    00000004     (.common:I2)
                  200034e8    00000004     (.common:I3)
                  200034ec    00000004     (.common:LPFSum)
                  200034f0    00000004     (.common:LPFSum2)
                  200034f4    00000004     (.common:LPFSum3)
                  200034f8    00000004     (.common:Messageindexb)
                  200034fc    00000004     (.common:Messageindexc)
                  20003500    00000004     (.common:Port4Task)
                  20003504    00000004     (.common:Size)
                  20003508    00000004     (.common:Size2)
                  2000350c    00000004     (.common:Size3)
                  20003510    00000004     (.common:TimerA1Task)
                  20003514    00000004     (.common:count)
                  20003518    00000004     (.common:flag)
                  2000351c    00000004     (.common:nc)
                  20003520    00000004     (.common:nl)
                  20003524    00000004     (.common:nr)
                  20003528    00000002     (.common:Period0)
                  2000352a    00000002     (.common:Period2)
                  2000352c    00000001     (.common:CollisionData)
                  2000352d    00000001     (.common:CollisionFlag)

.sysmem    0    20003530    00000400     UNINITIALIZED
                  20003530    00000008     rtsv7M4_T_le_v4SPD16_eabi.lib : memory.obj (.sysmem)
                  20003538    000003f8     --HOLE--

.data      0    20003930    00000234     UNINITIALIZED
                  20003930    000000f0     rtsv7M4_T_le_v4SPD16_eabi.lib : defs.obj (.data:_ftable)
                  20003a20    00000078                                   : write.obj (.data:_device)
                  20003a98    00000050                                   : write.obj (.data:_stream)
                  20003ae8    00000018     Clock.obj (.data)
                  20003b00    00000015     Lab5_UARTmain.obj (.data)
                  20003b15    00000003     --HOLE--
                  20003b18    00000010     rtsv7M4_T_le_v4SPD16_eabi.lib : defs.obj (.data)
                  20003b28    0000000c                                   : exit.obj (.data:$O1$$)
                  20003b34    0000000c                                   : memory.obj (.data:$O1$$)
                  20003b40    00000008                                   : _lock.obj (.data:$O1$$)
                  20003b48    00000008     TA3InputCapture.obj (.data)
                  20003b50    00000004     rtsv7M4_T_le_v4SPD16_eabi.lib : add_device.obj (.data)
                  20003b54    00000004                                   : fopen.obj (.data)
                  20003b58    00000004                                   : open.obj (.data)
                  20003b5c    00000004                                   : stkdepth_vars.obj (.data)
                  20003b60    00000004     system_msp432p401r.obj (.data)

.stack     0    2000fe00    00000200     UNINITIALIZED
                  2000fe00    00000200     --HOLE--

MODULE SUMMARY

       Module                        code    ro data   rw data
       ------                        ----    -------   -------
    .\
       LPF.obj                       584     0         24648  
       Lab5_UARTmain.obj             4784    0         102    
       FIFO0.obj                     528     0         1544   
       UART0.obj                     1724    0         24     
       EUSCIA0.obj                   1466    0         24     
       system_msp432p401r.obj        812     0         8      
       Reflectance.obj               612     32        0      
       Clock.obj                     480     0         48     
       Motor.obj                     432     0         0      
       ADC14.obj                     356     0         0      
       TA3InputCapture.obj           260     0         16     
       BumpInt.obj                   240     0         8      
       LaunchPad.obj                 244     0         0      
       startup_msp432p401r_ccs.obj   14      228       0      
       PWM.obj                       236     0         0      
       TimerA1.obj                   168     0         8      
       IRDistance.obj                132     0         0      
       CortexM.obj                   36      0         0      
    +--+-----------------------------+-------+---------+---------+
       Total:                        13108   260       26430  
                                                              
    C:\ti\ccsv7\tools\compiler\ti-cgt-arm_16.9.6.LTS\lib\rtsv7M4_T_le_v4SPD16_eabi.lib
       memory.obj                    976     0         24     
       defs.obj                      0       0         832    
       trgmsg.obj                    104     0         576    
       fopen.obj                     452     0         8      
       write.obj                     40      0         400    
       setvbuf.obj                   220     0         0      
       fflush.obj                    200     0         0      
       open.obj                      188     0         8      
       add_device.obj                184     0         8      
       memcpy_t2.obj                 156     0         0      
       fclose.obj                    152     0         0      
       memset_t2.obj                 122     0         0      
       autoinit.obj                  112     0         0      
       getdevice.obj                 112     0         0      
       hostopen.obj                  96      0         16     
       exit.obj                      84      0         24     
       copy_decompress_lzss.obj      104     0         0      
       hostlseek.obj                 104     0         0      
       hostrename.obj                104     0         0      
       close.obj                     92      0         0      
       hostread.obj                  88      0         0      
       hostwrite.obj                 88      0         0      
       boot.obj                      84      0         0      
       cpy_tbl.obj                   76      0         0      
       hostclose.obj                 68      0         0      
       hostunlink.obj                68      0         0      
       strncpy.obj                   54      0         0      
       unlink.obj                    44      0         0      
       _lock.obj                     20      0         16     
       args_main.obj                 24      0         0      
       strcmp.obj                    24      0         0      
       strchr.obj                    22      0         0      
       strcpy.obj                    20      0         0      
       strlen.obj                    20      0         0      
       copy_decompress_none.obj      14      0         0      
       copy_zero_init.obj            12      0         0      
       stkdepth_vars.obj             0       0         8      
       pre_init.obj                  4       0         0      
       mpu_init.obj                  2       0         0      
       startup.obj                   2       0         0      
    +--+-----------------------------+-------+---------+---------+
       Total:                        4336    0         1920   
                                                              
       Heap:                         0       0         2048   
       Stack:                        0       0         1024   
       Linker Generated:             0       166       0      
    +--+-----------------------------+-------+---------+---------+
       Grand Total:                  17444   426       31422  


LINKER GENERATED COPY TABLES

__TI_cinit_table @ 000045c8 records: 2, size/record: 8, table size: 16
	.data: load addr=00004530, load size=00000082 bytes, run addr=20003930, run size=00000234 bytes, compression=lzss
	.bss: load addr=000045c0, load size=00000008 bytes, run addr=20000000, run size=0000352e bytes, compression=zero_init


LINKER GENERATED HANDLER TABLE

__TI_handler_table @ 000045b4 records: 3, size/record: 4, table size: 12
	index: 0, handler: __TI_decompress_lzss
	index: 1, handler: __TI_decompress_none
	index: 2, handler: __TI_zero_init


GLOBAL SYMBOLS: SORTED ALPHABETICALLY BY Name 

address   name                           
-------   ----                           
00003319  ADC0_InitSWTriggerCh12         
00003389  ADC0_InitSWTriggerCh17_12_16   
000044fb  ADC14_IRQHandler               
00003369  ADC_In12                       
000033f9  ADC_In17_12_16                 
200034dc  ADCflag                        
000044fb  AES256_IRQHandler              
00003675  BumpInt_Init                   
000036ef  Bump_Read                      
000044fb  BusFault_Handler               
00004285  C$$EXIT                        
0000408b  C$$IO$$                        
000044fb  COMP_E0_IRQHandler             
000044fb  COMP_E1_IRQHandler             
20003af0  CPMwait                        
000044fb  CS_IRQHandler                  
20003b48  CaptureTask0                   
20003b4c  CaptureTask2                   
00003d6f  CenterConvert                  
20003ae8  ClockFrequency                 
00002f19  Clock_Delay1ms                 
00002eef  Clock_Delay1us                 
00002edb  Clock_GetFreq                  
00002dc5  Clock_Init48MHz                
2000352c  CollisionData                  
2000352d  CollisionFlag                  
0000023f  ConvertCollisionData           
20003afc  Crystalstable                  
000044fb  DMA_ERR_IRQHandler             
000044fb  DMA_INT0_IRQHandler            
000044fb  DMA_INT1_IRQHandler            
000044fb  DMA_INT2_IRQHandler            
000044fb  DMA_INT3_IRQHandler            
000044fb  DebugMon_Handler               
000044fb  Default_Handler                
00004439  DisableInterrupts              
20003b04  Done0                          
20003b0c  Done2                          
00001ae3  EUSCIA0_IRQHandler             
00001ae3  EUSCIA0_IRQHandler             
00001ab7  EUSCIA0_InChar                 
00001f81  EUSCIA0_InString               
00001b37  EUSCIA0_InUDec                 
00001e35  EUSCIA0_InUHex                 
00001a51  EUSCIA0_Init                   
00001ac9  EUSCIA0_OutChar                
00001b19  EUSCIA0_OutString              
00001bbb  EUSCIA0_OutUDec                
00001d4d  EUSCIA0_OutUDec4               
00001d85  EUSCIA0_OutUDec5               
00001dc1  EUSCIA0_OutUFix1               
00001de9  EUSCIA0_OutUFix2               
00001efd  EUSCIA0_OutUHex                
00001f63  EUSCIA0_OutUHex2               
00001f41  EUSCIA0outnibble               
000044fb  EUSCIA1_IRQHandler             
000044fb  EUSCIA2_IRQHandler             
000044fb  EUSCIA3_IRQHandler             
000044fb  EUSCIB0_IRQHandler             
000044fb  EUSCIB1_IRQHandler             
000044fb  EUSCIB2_IRQHandler             
000044fb  EUSCIB3_IRQHandler             
0000443f  EnableInterrupts               
0000444f  EndCritical                    
000044fb  FLCTL_IRQHandler               
000044fb  FPU_IRQHandler                 
20003b00  First0                         
20003b08  First2                         
00004325  HOSTclose                      
00003f8d  HOSTlseek                      
000040c5  HOSTopen                       
00004181  HOSTread                       
00003ff5  HOSTrename                     
00004369  HOSTunlink                     
000041d9  HOSTwrite                      
0000019d  HandleCollision                
000044fb  HardFault_Handler              
200034e0  I1                             
200034e4  I2                             
200034e8  I3                             
20003af8  IFlags                         
00000135  IRSensor_Init                  
200034ec  LPFSum                         
200034f0  LPFSum2                        
200034f4  LPFSum3                        
000029cb  LPF_Calc                       
00002a7d  LPF_Calc2                      
00002b2f  LPF_Calc3                      
0000296d  LPF_Init                       
00002a1f  LPF_Init2                      
00002ad1  LPF_Init3                      
00003581  LaunchPad_Init                 
000035f1  LaunchPad_Input                
0000360b  LaunchPad_LED                  
00003629  LaunchPad_Output               
00003d45  LeftConvert                    
000044fb  MemManage_Handler              
200034c4  Messageb                       
200034cc  Messagec                       
200034f8  Messageindexb                  
200034fc  Messageindexc                  
000001c1  MotorMovt                      
000032b9  Motor_Backward                 
00003215  Motor_Forward                  
00003169  Motor_Init                     
0000327f  Motor_Left                     
00003245  Motor_Right                    
000031f1  Motor_Stop                     
000044fb  NMI_Handler                    
000044fb  PCM_IRQHandler                 
000044fb  PORT1_IRQHandler               
000044fb  PORT2_IRQHandler               
000044fb  PORT3_IRQHandler               
00003727  PORT4_IRQHandler               
00003727  PORT4_IRQHandler               
000044fb  PORT5_IRQHandler               
000044fb  PORT6_IRQHandler               
000044fb  PSS_IRQHandler                 
000037e9  PWM_Duty3                      
00003809  PWM_Duty4                      
00003765  PWM_Init34                     
000044fb  PendSV_Handler                 
20003528  Period0                        
2000352a  Period2                        
00000253  PeriodMeasure0                 
00000281  PeriodMeasure2                 
000002cf  Port1_Init                     
000002ef  Port1_Input                    
00000319  Port1_Output                   
000002f9  Port2_Init                     
00000337  Port2_Output                   
20003500  Port4Task                      
00002719  Port5_Init                     
00002781  Port7_Init                     
000027b7  Port7_InitToInput              
000027a1  Port7_Output_ChargeCap         
0000274d  Port9_Init                     
20003af4  Postwait                       
20003aec  Prewait                        
00000181  RSLK_Reset                     
000044fb  RTC_C_IRQHandler               
00002815  Reflectance_Center             
00002901  Reflectance_End                
00002709  Reflectance_Init               
0000287f  Reflectance_Position           
000027c3  Reflectance_Read               
000028db  Reflectance_Start              
000044ef  Reset_Handler                  
00003d97  RightConvert                   
200033c0  RxFifo0                        
00002d2f  RxFifo0_Get                    
00002cd5  RxFifo0_Init                   
00002ce1  RxFifo0_Put                    
00002d6d  RxFifo0_Size                   
UNDEFED   SHT$$INIT_ARRAY$$Base          
UNDEFED   SHT$$INIT_ARRAY$$Limit         
000044fb  SVC_Handler                    
000000e5  SensorRead_ISR                 
20003504  Size                           
20003508  Size2                          
2000350c  Size3                          
00004445  StartCritical                  
000044fb  SysTick_Handler                
20003b60  SystemCoreClock                
000023dd  SystemCoreClockUpdate          
00002651  SystemInit                     
000044fb  T32_INT1_IRQHandler            
000044fb  T32_INT2_IRQHandler            
000044fb  T32_INTC_IRQHandler            
000044fb  TA0_0_IRQHandler               
000044fb  TA0_N_IRQHandler               
00003bdb  TA1_0_IRQHandler               
00003bdb  TA1_0_IRQHandler               
000044fb  TA1_N_IRQHandler               
000044fb  TA2_0_IRQHandler               
000044fb  TA2_N_IRQHandler               
0000350f  TA3_0_IRQHandler               
0000350f  TA3_0_IRQHandler               
00003529  TA3_N_IRQHandler               
00003529  TA3_N_IRQHandler               
000002af  TimedPause                     
20003510  TimerA1Task                    
00003b69  TimerA1_Init                   
00003bc7  TimerA1_Stop                   
00003489  TimerA3Capture_Init            
20003442  TxFifo0                        
00002c41  TxFifo0_Get                    
00002bb5  TxFifo0_Init                   
00002be7  TxFifo0_Put                    
00002c7f  TxFifo0_Size                   
20003000  TxHistogram                    
000013db  UART0_InChar                   
00001865  UART0_InString                 
00001425  UART0_InUDec                   
00001719  UART0_InUHex                   
00001395  UART0_Init                     
000019c5  UART0_Initprintf               
000013eb  UART0_OutChar                  
00001407  UART0_OutString                
000014a9  UART0_OutUDec                  
00001615  UART0_OutUDec4                 
00001669  UART0_OutUDec5                 
000016a5  UART0_OutUFix1                 
000016cd  UART0_OutUFix2                 
000017dd  UART0_OutUHex                  
00001849  UART0_OutUHex2                 
000044fb  UsageFault_Handler             
4000480c  WDTCTL_SYM                     
000044fb  WDT_A_IRQHandler               
00004457  WaitForInterrupt               
20003200  __CIOBUF_                      
20010000  __STACK_END                    
00000200  __STACK_SIZE                   
00000400  __SYSMEM_SIZE                  
000045c8  __TI_CINIT_Base                
000045d8  __TI_CINIT_Limit               
000045b4  __TI_Handler_Table_Base        
000045c0  __TI_Handler_Table_Limit       
00003e45  __TI_auto_init                 
0000306d  __TI_cleanup                   
20003b28  __TI_cleanup_ptr               
00003cad  __TI_closefile                 
00003f25  __TI_decompress_lzss           
000044e1  __TI_decompress_none           
0000392d  __TI_doflush                   
20003b2c  __TI_dtors_ptr                 
20003b30  __TI_enable_exit_profile_output
20003b18  __TI_ft_end                    
ffffffff  __TI_pprof_out_hndl            
ffffffff  __TI_prof_data_size            
ffffffff  __TI_prof_data_start           
0000408f  __TI_readmsg                   
00000000  __TI_static_base__             
20003320  __TI_tmpnams                   
0000405d  __TI_writemsg                  
000044fd  __TI_zero_init                 
00003dc9  __aeabi_memclr                 
00003dc9  __aeabi_memclr4                
00003dc9  __aeabi_memclr8                
00003c11  __aeabi_memcpy                 
00003c11  __aeabi_memcpy4                
00003c11  __aeabi_memcpy8                
00003dcb  __aeabi_memset                 
00003dcb  __aeabi_memset4                
00003dcb  __aeabi_memset8                
20003b24  __aeabi_stderr                 
20003b1c  __aeabi_stdin                  
20003b20  __aeabi_stdout                 
ffffffff  __binit__                      
ffffffff  __c_args__                     
0000200b  __mpu_init                     
2000fe00  __stack                        
0000445d  _args_main                     
00004231  _c_int00                       
20003a20  _device                        
20003930  _ftable                        
20003b40  _lock                          
000044b3  _nop                           
000044ab  _register_lock                 
000044a5  _register_unlock               
20003a98  _stream                        
20003530  _sys_memory                    
00003e43  _system_post_cinit             
00004509  _system_pre_init               
20003b44  _unlock                        
00004289  abort                          
00003ab1  add_device                     
ffffffff  binit                          
000023ad  calloc                         
00004125  close                          
000042d9  copy_in                        
20003514  count                          
00002ee1  delay                          
00004291  exit                           
00003d13  fclose                         
000018ff  ferror                         
00003979  fflush                         
000018df  fgetc                          
00003eb5  finddevice                     
20003518  flag                           
000030c3  fopen                          
000020f7  free                           
00003099  freopen                        
00003edf  getdevice                      
00000000  interruptVectors               
000003b9  main                           
20003b5c  main_func_sp                   
0000208d  malloc                         
000022c1  memalign                       
00003c11  memcpy                         
00003dd1  memset                         
0000200d  minit                          
2000351c  nc                             
20003520  nl                             
20003524  nr                             
000039f5  open                           
00001821  outnibble                      
200034d4  parmbuf                        
000021b7  realloc                        
000043e5  remove                         
00003851  setvbuf                        
0000448d  strchr                         
00004475  strcmp                         
000044b9  strcpy                         
000044cd  strlen                         
000043ad  strncpy                        
0000347d  ta3dummy                       
0000191d  uart_close                     
0000199b  uart_lseek                     
0000190d  uart_open                      
0000192f  uart_read                      
000019b7  uart_rename                    
000019ab  uart_unlink                    
00001959  uart_write                     
000043e5  unlink                         
00004411  write                          
20000000  x                              
20001000  x2                             
20002000  x3                             


GLOBAL SYMBOLS: SORTED BY Symbol Address 

address   name                           
-------   ----                           
00000000  __TI_static_base__             
00000000  interruptVectors               
000000e5  SensorRead_ISR                 
00000135  IRSensor_Init                  
00000181  RSLK_Reset                     
0000019d  HandleCollision                
000001c1  MotorMovt                      
00000200  __STACK_SIZE                   
0000023f  ConvertCollisionData           
00000253  PeriodMeasure0                 
00000281  PeriodMeasure2                 
000002af  TimedPause                     
000002cf  Port1_Init                     
000002ef  Port1_Input                    
000002f9  Port2_Init                     
00000319  Port1_Output                   
00000337  Port2_Output                   
000003b9  main                           
00000400  __SYSMEM_SIZE                  
00001395  UART0_Init                     
000013db  UART0_InChar                   
000013eb  UART0_OutChar                  
00001407  UART0_OutString                
00001425  UART0_InUDec                   
000014a9  UART0_OutUDec                  
00001615  UART0_OutUDec4                 
00001669  UART0_OutUDec5                 
000016a5  UART0_OutUFix1                 
000016cd  UART0_OutUFix2                 
00001719  UART0_InUHex                   
000017dd  UART0_OutUHex                  
00001821  outnibble                      
00001849  UART0_OutUHex2                 
00001865  UART0_InString                 
000018df  fgetc                          
000018ff  ferror                         
0000190d  uart_open                      
0000191d  uart_close                     
0000192f  uart_read                      
00001959  uart_write                     
0000199b  uart_lseek                     
000019ab  uart_unlink                    
000019b7  uart_rename                    
000019c5  UART0_Initprintf               
00001a51  EUSCIA0_Init                   
00001ab7  EUSCIA0_InChar                 
00001ac9  EUSCIA0_OutChar                
00001ae3  EUSCIA0_IRQHandler             
00001ae3  EUSCIA0_IRQHandler             
00001b19  EUSCIA0_OutString              
00001b37  EUSCIA0_InUDec                 
00001bbb  EUSCIA0_OutUDec                
00001d4d  EUSCIA0_OutUDec4               
00001d85  EUSCIA0_OutUDec5               
00001dc1  EUSCIA0_OutUFix1               
00001de9  EUSCIA0_OutUFix2               
00001e35  EUSCIA0_InUHex                 
00001efd  EUSCIA0_OutUHex                
00001f41  EUSCIA0outnibble               
00001f63  EUSCIA0_OutUHex2               
00001f81  EUSCIA0_InString               
0000200b  __mpu_init                     
0000200d  minit                          
0000208d  malloc                         
000020f7  free                           
000021b7  realloc                        
000022c1  memalign                       
000023ad  calloc                         
000023dd  SystemCoreClockUpdate          
00002651  SystemInit                     
00002709  Reflectance_Init               
00002719  Port5_Init                     
0000274d  Port9_Init                     
00002781  Port7_Init                     
000027a1  Port7_Output_ChargeCap         
000027b7  Port7_InitToInput              
000027c3  Reflectance_Read               
00002815  Reflectance_Center             
0000287f  Reflectance_Position           
000028db  Reflectance_Start              
00002901  Reflectance_End                
0000296d  LPF_Init                       
000029cb  LPF_Calc                       
00002a1f  LPF_Init2                      
00002a7d  LPF_Calc2                      
00002ad1  LPF_Init3                      
00002b2f  LPF_Calc3                      
00002bb5  TxFifo0_Init                   
00002be7  TxFifo0_Put                    
00002c41  TxFifo0_Get                    
00002c7f  TxFifo0_Size                   
00002cd5  RxFifo0_Init                   
00002ce1  RxFifo0_Put                    
00002d2f  RxFifo0_Get                    
00002d6d  RxFifo0_Size                   
00002dc5  Clock_Init48MHz                
00002edb  Clock_GetFreq                  
00002ee1  delay                          
00002eef  Clock_Delay1us                 
00002f19  Clock_Delay1ms                 
0000306d  __TI_cleanup                   
00003099  freopen                        
000030c3  fopen                          
00003169  Motor_Init                     
000031f1  Motor_Stop                     
00003215  Motor_Forward                  
00003245  Motor_Right                    
0000327f  Motor_Left                     
000032b9  Motor_Backward                 
00003319  ADC0_InitSWTriggerCh12         
00003369  ADC_In12                       
00003389  ADC0_InitSWTriggerCh17_12_16   
000033f9  ADC_In17_12_16                 
0000347d  ta3dummy                       
00003489  TimerA3Capture_Init            
0000350f  TA3_0_IRQHandler               
0000350f  TA3_0_IRQHandler               
00003529  TA3_N_IRQHandler               
00003529  TA3_N_IRQHandler               
00003581  LaunchPad_Init                 
000035f1  LaunchPad_Input                
0000360b  LaunchPad_LED                  
00003629  LaunchPad_Output               
00003675  BumpInt_Init                   
000036ef  Bump_Read                      
00003727  PORT4_IRQHandler               
00003727  PORT4_IRQHandler               
00003765  PWM_Init34                     
000037e9  PWM_Duty3                      
00003809  PWM_Duty4                      
00003851  setvbuf                        
0000392d  __TI_doflush                   
00003979  fflush                         
000039f5  open                           
00003ab1  add_device                     
00003b69  TimerA1_Init                   
00003bc7  TimerA1_Stop                   
00003bdb  TA1_0_IRQHandler               
00003bdb  TA1_0_IRQHandler               
00003c11  __aeabi_memcpy                 
00003c11  __aeabi_memcpy4                
00003c11  __aeabi_memcpy8                
00003c11  memcpy                         
00003cad  __TI_closefile                 
00003d13  fclose                         
00003d45  LeftConvert                    
00003d6f  CenterConvert                  
00003d97  RightConvert                   
00003dc9  __aeabi_memclr                 
00003dc9  __aeabi_memclr4                
00003dc9  __aeabi_memclr8                
00003dcb  __aeabi_memset                 
00003dcb  __aeabi_memset4                
00003dcb  __aeabi_memset8                
00003dd1  memset                         
00003e43  _system_post_cinit             
00003e45  __TI_auto_init                 
00003eb5  finddevice                     
00003edf  getdevice                      
00003f25  __TI_decompress_lzss           
00003f8d  HOSTlseek                      
00003ff5  HOSTrename                     
0000405d  __TI_writemsg                  
0000408b  C$$IO$$                        
0000408f  __TI_readmsg                   
000040c5  HOSTopen                       
00004125  close                          
00004181  HOSTread                       
000041d9  HOSTwrite                      
00004231  _c_int00                       
00004285  C$$EXIT                        
00004289  abort                          
00004291  exit                           
000042d9  copy_in                        
00004325  HOSTclose                      
00004369  HOSTunlink                     
000043ad  strncpy                        
000043e5  remove                         
000043e5  unlink                         
00004411  write                          
00004439  DisableInterrupts              
0000443f  EnableInterrupts               
00004445  StartCritical                  
0000444f  EndCritical                    
00004457  WaitForInterrupt               
0000445d  _args_main                     
00004475  strcmp                         
0000448d  strchr                         
000044a5  _register_unlock               
000044ab  _register_lock                 
000044b3  _nop                           
000044b9  strcpy                         
000044cd  strlen                         
000044e1  __TI_decompress_none           
000044ef  Reset_Handler                  
000044fb  ADC14_IRQHandler               
000044fb  AES256_IRQHandler              
000044fb  BusFault_Handler               
000044fb  COMP_E0_IRQHandler             
000044fb  COMP_E1_IRQHandler             
000044fb  CS_IRQHandler                  
000044fb  DMA_ERR_IRQHandler             
000044fb  DMA_INT0_IRQHandler            
000044fb  DMA_INT1_IRQHandler            
000044fb  DMA_INT2_IRQHandler            
000044fb  DMA_INT3_IRQHandler            
000044fb  DebugMon_Handler               
000044fb  Default_Handler                
000044fb  EUSCIA1_IRQHandler             
000044fb  EUSCIA2_IRQHandler             
000044fb  EUSCIA3_IRQHandler             
000044fb  EUSCIB0_IRQHandler             
000044fb  EUSCIB1_IRQHandler             
000044fb  EUSCIB2_IRQHandler             
000044fb  EUSCIB3_IRQHandler             
000044fb  FLCTL_IRQHandler               
000044fb  FPU_IRQHandler                 
000044fb  HardFault_Handler              
000044fb  MemManage_Handler              
000044fb  NMI_Handler                    
000044fb  PCM_IRQHandler                 
000044fb  PORT1_IRQHandler               
000044fb  PORT2_IRQHandler               
000044fb  PORT3_IRQHandler               
000044fb  PORT5_IRQHandler               
000044fb  PORT6_IRQHandler               
000044fb  PSS_IRQHandler                 
000044fb  PendSV_Handler                 
000044fb  RTC_C_IRQHandler               
000044fb  SVC_Handler                    
000044fb  SysTick_Handler                
000044fb  T32_INT1_IRQHandler            
000044fb  T32_INT2_IRQHandler            
000044fb  T32_INTC_IRQHandler            
000044fb  TA0_0_IRQHandler               
000044fb  TA0_N_IRQHandler               
000044fb  TA1_N_IRQHandler               
000044fb  TA2_0_IRQHandler               
000044fb  TA2_N_IRQHandler               
000044fb  UsageFault_Handler             
000044fb  WDT_A_IRQHandler               
000044fd  __TI_zero_init                 
00004509  _system_pre_init               
000045b4  __TI_Handler_Table_Base        
000045c0  __TI_Handler_Table_Limit       
000045c8  __TI_CINIT_Base                
000045d8  __TI_CINIT_Limit               
20000000  x                              
20001000  x2                             
20002000  x3                             
20003000  TxHistogram                    
20003200  __CIOBUF_                      
20003320  __TI_tmpnams                   
200033c0  RxFifo0                        
20003442  TxFifo0                        
200034c4  Messageb                       
200034cc  Messagec                       
200034d4  parmbuf                        
200034dc  ADCflag                        
200034e0  I1                             
200034e4  I2                             
200034e8  I3                             
200034ec  LPFSum                         
200034f0  LPFSum2                        
200034f4  LPFSum3                        
200034f8  Messageindexb                  
200034fc  Messageindexc                  
20003500  Port4Task                      
20003504  Size                           
20003508  Size2                          
2000350c  Size3                          
20003510  TimerA1Task                    
20003514  count                          
20003518  flag                           
2000351c  nc                             
20003520  nl                             
20003524  nr                             
20003528  Period0                        
2000352a  Period2                        
2000352c  CollisionData                  
2000352d  CollisionFlag                  
20003530  _sys_memory                    
20003930  _ftable                        
20003a20  _device                        
20003a98  _stream                        
20003ae8  ClockFrequency                 
20003aec  Prewait                        
20003af0  CPMwait                        
20003af4  Postwait                       
20003af8  IFlags                         
20003afc  Crystalstable                  
20003b00  First0                         
20003b04  Done0                          
20003b08  First2                         
20003b0c  Done2                          
20003b18  __TI_ft_end                    
20003b1c  __aeabi_stdin                  
20003b20  __aeabi_stdout                 
20003b24  __aeabi_stderr                 
20003b28  __TI_cleanup_ptr               
20003b2c  __TI_dtors_ptr                 
20003b30  __TI_enable_exit_profile_output
20003b40  _lock                          
20003b44  _unlock                        
20003b48  CaptureTask0                   
20003b4c  CaptureTask2                   
20003b5c  main_func_sp                   
20003b60  SystemCoreClock                
2000fe00  __stack                        
20010000  __STACK_END                    
4000480c  WDTCTL_SYM                     
ffffffff  __TI_pprof_out_hndl            
ffffffff  __TI_prof_data_size            
ffffffff  __TI_prof_data_start           
ffffffff  __binit__                      
ffffffff  __c_args__                     
ffffffff  binit                          
UNDEFED   SHT$$INIT_ARRAY$$Base          
UNDEFED   SHT$$INIT_ARRAY$$Limit         

[319 symbols]
