******************************************************************************
                  TI ARM Linker PC v16.9.6                     
******************************************************************************
>> Linked Tue Nov 12 15:37:23 2024

OUTPUT FILE NAME:   <Lab2_ReflectanceGPIO.out>
ENTRY POINT SYMBOL: "_c_int00"  address: 00002459


MEMORY CONFIGURATION

         name            origin    length      used     unused   attr    fill
----------------------  --------  ---------  --------  --------  ----  --------
  MAIN                  00000000   00040000  000027d0  0003d830  R  X
  INFO                  00200000   00004000  00000000  00004000  R  X
  SRAM_CODE             01000000   00010000  000009fc  0000f604  RW X
  SRAM_DATA             20000000   00010000  000009fc  0000f604  RW  


SEGMENT ALLOCATION MAP

run origin  load origin   length   init length attrs members
----------  ----------- ---------- ----------- ----- -------
00000000    00000000    000027d0   000027d0    r-x
  00000000    00000000    000000e4   000000e4    r-- .intvecs
  000000e4    000000e4    0000262c   0000262c    r-x .text
  00002710    00002710    00000020   00000020    r-- .const
  00002730    00002730    000000a0   000000a0    r-- .cinit
20000000    20000000    000007fc   00000000    rw-
  20000000    20000000    00000400   00000000    rw- .sysmem
  20000400    20000400    00000220   00000000    rw- .data
  20000620    20000620    000001dc   00000000    rw- .bss
2000fe00    2000fe00    00000200   00000000    rw-
  2000fe00    2000fe00    00000200   00000000    rw- .stack


SECTION ALLOCATION MAP

 output                                  attributes/
section   page    origin      length       input sections
--------  ----  ----------  ----------   ----------------
.intvecs   0    00000000    000000e4     
                  00000000    000000e4     startup_msp432p401r_ccs.obj (.intvecs:retain)

.binit     0    00000000    00000000     

.text      0    000000e4    0000262c     
                  000000e4    000006bc     UART0.obj (.text)
                  000007a0    00000630     TExaS.obj (.text)
                  00000dd0    000003d0     rtsv7M4_T_le_v4SPD16_eabi.lib : memory.obj (.text)
                  000011a0    0000032c     system_msp432p401r.obj (.text)
                  000014cc    00000258     Reflectance.obj (.text)
                  00001724    000001e0     Clock.obj (.text)
                  00001904    000001c4     rtsv7M4_T_le_v4SPD16_eabi.lib : fopen.obj (.text)
                  00001ac8    000000dc     Lab2_GPIOmain.obj (.text)
                  00001ba4    000000dc     rtsv7M4_T_le_v4SPD16_eabi.lib : setvbuf.obj (.text)
                  00001c80    000000c8                                   : fflush.obj (.text)
                  00001d48    000000bc                                   : open.obj (.text)
                  00001e04    000000b8                                   : add_device.obj (.text)
                  00001ebc    0000009c                                   : memcpy_t2.obj (.text)
                  00001f58    00000098                                   : fclose.obj (.text)
                  00001ff0    0000007a                                   : memset_t2.obj (.text)
                  0000206a    00000002                                   : mpu_init.obj (.text)
                  0000206c    00000070                                   : autoinit.obj (.text)
                  000020dc    00000070                                   : getdevice.obj (.text)
                  0000214c    00000068                                   : copy_decompress_lzss.obj (.text:decompress:lzss)
                  000021b4    00000068                                   : hostlseek.obj (.text)
                  0000221c    00000068                                   : hostrename.obj (.text)
                  00002284    00000068                                   : trgmsg.obj (.text)
                  000022ec    00000060                                   : hostopen.obj (.text)
                  0000234c    0000005c                                   : close.obj (.text)
                  000023a8    00000058                                   : hostread.obj (.text)
                  00002400    00000058                                   : hostwrite.obj (.text)
                  00002458    00000054                                   : boot.obj (.text)
                  000024ac    00000054                                   : exit.obj (.text)
                  00002500    0000004c                                   : cpy_tbl.obj (.text)
                  0000254c    00000044                                   : hostclose.obj (.text)
                  00002590    00000044                                   : hostunlink.obj (.text)
                  000025d4    00000036                                   : strncpy.obj (.text)
                  0000260a    00000002                                   : startup.obj (.text)
                  0000260c    0000002c                                   : unlink.obj (.text)
                  00002638    00000028                                   : write.obj (.text)
                  00002660    00000018                                   : args_main.obj (.text)
                  00002678    00000018                                   : strcmp.obj (.text)
                  00002690    00000016                                   : strchr.obj (.text)
                  000026a6    00000002     --HOLE-- [fill = 0]
                  000026a8    00000014                                   : _lock.obj (.text)
                  000026bc    00000014                                   : strcpy.obj (.text)
                  000026d0    00000014                                   : strlen.obj (.text)
                  000026e4    0000000e                                   : copy_decompress_none.obj (.text:decompress:none)
                  000026f2    0000000e     startup_msp432p401r_ccs.obj (.text)
                  00002700    0000000c     rtsv7M4_T_le_v4SPD16_eabi.lib : copy_zero_init.obj (.text:decompress:ZI)
                  0000270c    00000004                                   : pre_init.obj (.text)

.const     0    00002710    00000020     
                  00002710    00000020     Reflectance.obj (.const:$P$T0$1)

.cinit     0    00002730    000000a0     
                  00002730    00000075     (.cinit..data.load) [load image, compression = lzss]
                  000027a5    00000003     --HOLE-- [fill = 0]
                  000027a8    0000000c     (__TI_handler_table)
                  000027b4    00000004     --HOLE-- [fill = 0]
                  000027b8    00000008     (.cinit..bss.load) [load image, compression = zero_init]
                  000027c0    00000010     (__TI_cinit_table)

.init_array 
*          0    00000000    00000000     UNINITIALIZED

.sysmem    0    20000000    00000400     UNINITIALIZED
                  20000000    00000008     rtsv7M4_T_le_v4SPD16_eabi.lib : memory.obj (.sysmem)
                  20000008    000003f8     --HOLE--

.data      0    20000400    00000220     UNINITIALIZED
                  20000400    000000f0     rtsv7M4_T_le_v4SPD16_eabi.lib : defs.obj (.data:_ftable)
                  200004f0    00000078                                   : write.obj (.data:_device)
                  20000568    00000050                                   : write.obj (.data:_stream)
                  200005b8    00000018     Clock.obj (.data)
                  200005d0    00000010     rtsv7M4_T_le_v4SPD16_eabi.lib : defs.obj (.data)
                  200005e0    0000000c                                   : exit.obj (.data:$O1$$)
                  200005ec    0000000c                                   : memory.obj (.data:$O1$$)
                  200005f8    0000000c     TExaS.obj (.data)
                  20000604    00000008     rtsv7M4_T_le_v4SPD16_eabi.lib : _lock.obj (.data:$O1$$)
                  2000060c    00000004                                   : add_device.obj (.data)
                  20000610    00000004                                   : fopen.obj (.data)
                  20000614    00000004                                   : open.obj (.data)
                  20000618    00000004                                   : stkdepth_vars.obj (.data)
                  2000061c    00000004     system_msp432p401r.obj (.data)

.bss       0    20000620    000001dc     UNINITIALIZED
                  20000620    00000120     rtsv7M4_T_le_v4SPD16_eabi.lib : trgmsg.obj (.bss:_CIOBUF_)
                  20000740    000000a0     (.common:__TI_tmpnams)
                  200007e0    00000008     (.common:Messageb)
                  200007e8    00000008     (.common:parmbuf)
                  200007f0    00000004     (.common:Messageindexb)
                  200007f4    00000004     (.common:PeriodicTask2)
                  200007f8    00000001     (.common:Data)
                  200007f9    00000001     (.common:LogicData)
                  200007fa    00000001     (.common:refData)
                  200007fb    00000001     (.common:sensor_choice)

.stack     0    2000fe00    00000200     UNINITIALIZED
                  2000fe00    00000200     --HOLE--

MODULE SUMMARY

       Module                        code   ro data   rw data
       ------                        ----   -------   -------
    .\
       UART0.obj                     1724   0         24     
       TExaS.obj                     1584   0         34     
       system_msp432p401r.obj        812    0         8      
       Reflectance.obj               600    32        0      
       Clock.obj                     480    0         48     
       startup_msp432p401r_ccs.obj   14     228       0      
       Lab2_GPIOmain.obj             220    0         6      
    +--+-----------------------------+------+---------+---------+
       Total:                        5434   260       120    
                                                             
    C:\ti\ccsv7\tools\compiler\ti-cgt-arm_16.9.6.LTS\lib\rtsv7M4_T_le_v4SPD16_eabi.lib
       memory.obj                    976    0         24     
       defs.obj                      0      0         832    
       trgmsg.obj                    104    0         576    
       fopen.obj                     452    0         8      
       write.obj                     40     0         400    
       setvbuf.obj                   220    0         0      
       fflush.obj                    200    0         0      
       open.obj                      188    0         8      
       add_device.obj                184    0         8      
       memcpy_t2.obj                 156    0         0      
       fclose.obj                    152    0         0      
       memset_t2.obj                 122    0         0      
       autoinit.obj                  112    0         0      
       getdevice.obj                 112    0         0      
       hostopen.obj                  96     0         16     
       exit.obj                      84     0         24     
       copy_decompress_lzss.obj      104    0         0      
       hostlseek.obj                 104    0         0      
       hostrename.obj                104    0         0      
       close.obj                     92     0         0      
       hostread.obj                  88     0         0      
       hostwrite.obj                 88     0         0      
       boot.obj                      84     0         0      
       cpy_tbl.obj                   76     0         0      
       hostclose.obj                 68     0         0      
       hostunlink.obj                68     0         0      
       strncpy.obj                   54     0         0      
       unlink.obj                    44     0         0      
       _lock.obj                     20     0         16     
       args_main.obj                 24     0         0      
       strcmp.obj                    24     0         0      
       strchr.obj                    22     0         0      
       strcpy.obj                    20     0         0      
       strlen.obj                    20     0         0      
       copy_decompress_none.obj      14     0         0      
       copy_zero_init.obj            12     0         0      
       stkdepth_vars.obj             0      0         8      
       pre_init.obj                  4      0         0      
       mpu_init.obj                  2      0         0      
       startup.obj                   2      0         0      
    +--+-----------------------------+------+---------+---------+
       Total:                        4336   0         1920   
                                                             
       Heap:                         0      0         2048   
       Stack:                        0      0         1024   
       Linker Generated:             0      153       0      
    +--+-----------------------------+------+---------+---------+
       Grand Total:                  9770   413       5112   


LINKER GENERATED COPY TABLES

__TI_cinit_table @ 000027c0 records: 2, size/record: 8, table size: 16
	.data: load addr=00002730, load size=00000075 bytes, run addr=20000400, run size=00000220 bytes, compression=lzss
	.bss: load addr=000027b8, load size=00000008 bytes, run addr=20000620, run size=000001dc bytes, compression=zero_init


LINKER GENERATED HANDLER TABLE

__TI_handler_table @ 000027a8 records: 3, size/record: 4, table size: 12
	index: 0, handler: __TI_decompress_lzss
	index: 1, handler: __TI_decompress_none
	index: 2, handler: __TI_zero_init


GLOBAL SYMBOLS: SORTED ALPHABETICALLY BY Name 

address   name                           
-------   ----                           
000026ff  ADC14_IRQHandler               
00000b31  ADC_Init                       
000026ff  AES256_IRQHandler              
000026ff  BusFault_Handler               
000024ad  C$$EXIT                        
000022b3  C$$IO$$                        
000026ff  COMP_E0_IRQHandler             
000026ff  COMP_E1_IRQHandler             
200005c0  CPMwait                        
000026ff  CS_IRQHandler                  
200005b8  ClockFrequency                 
00001879  Clock_Delay1ms                 
0000184f  Clock_Delay1us                 
0000183b  Clock_GetFreq                  
00001725  Clock_Init48MHz                
200005cc  Crystalstable                  
000026ff  DMA_ERR_IRQHandler             
000026ff  DMA_INT0_IRQHandler            
000026ff  DMA_INT1_IRQHandler            
000026ff  DMA_INT2_IRQHandler            
000026ff  DMA_INT3_IRQHandler            
200007f8  Data                           
000026ff  DebugMon_Handler               
000026ff  Default_Handler                
000026ff  EUSCIA0_IRQHandler             
000026ff  EUSCIA1_IRQHandler             
000026ff  EUSCIA2_IRQHandler             
000026ff  EUSCIA3_IRQHandler             
000026ff  EUSCIB0_IRQHandler             
000026ff  EUSCIB1_IRQHandler             
000026ff  EUSCIB2_IRQHandler             
000026ff  EUSCIB3_IRQHandler             
000026ff  FLCTL_IRQHandler               
000026ff  FPU_IRQHandler                 
0000254d  HOSTclose                      
000021b5  HOSTlseek                      
000022ed  HOSTopen                       
000023a9  HOSTread                       
0000221d  HOSTrename                     
00002591  HOSTunlink                     
00002401  HOSTwrite                      
000026ff  HardFault_Handler              
200005c8  IFlags                         
000007a1  LogicAnalyzer                  
000007ab  LogicAnalyzer_P1               
00000881  LogicAnalyzer_P10              
000007b9  LogicAnalyzer_P2               
000007c7  LogicAnalyzer_P2_7654          
000007d7  LogicAnalyzer_P3               
000007e5  LogicAnalyzer_P4               
00000803  LogicAnalyzer_P4_765320        
000007f3  LogicAnalyzer_P4_765432        
0000083b  LogicAnalyzer_P5               
00000849  LogicAnalyzer_P6               
00000857  LogicAnalyzer_P7               
00000865  LogicAnalyzer_P8               
00000873  LogicAnalyzer_P9               
200007f9  LogicData                      
000026ff  MemManage_Handler              
200007e0  Messageb                       
200007f0  Messageindexb                  
000026ff  NMI_Handler                    
000026ff  PCM_IRQHandler                 
000026ff  PORT1_IRQHandler               
000026ff  PORT2_IRQHandler               
000026ff  PORT3_IRQHandler               
000026ff  PORT4_IRQHandler               
000026ff  PORT5_IRQHandler               
000026ff  PORT6_IRQHandler               
000026ff  PSS_IRQHandler                 
000026ff  PendSV_Handler                 
200007f4  PeriodicTask2                  
00000913  PeriodicTask2_Init             
0000098d  PeriodicTask2_Stop             
000014dd  Port5_Init                     
00001545  Port7_Init                     
0000157b  Port7_InitToInput              
00001565  Port7_Output_ChargeCap         
00001511  Port9_Init                     
200005c4  Postwait                       
200005bc  Prewait                        
000026ff  RTC_C_IRQHandler               
000015d9  Reflectance_Center             
000016b7  Reflectance_End                
000014cd  Reflectance_Init               
00001643  Reflectance_Position           
00001587  Reflectance_Read               
00001691  Reflectance_Start              
000026f3  Reset_Handler                  
UNDEFED   SHT$$INIT_ARRAY$$Base          
UNDEFED   SHT$$INIT_ARRAY$$Limit         
000026ff  SVC_Handler                    
0000088f  Scope                          
000026ff  SysTick_Handler                
2000061c  SystemCoreClock                
000011a1  SystemCoreClockUpdate          
00001415  SystemInit                     
0000097d  T32_INT1_IRQHandler            
0000097d  T32_INT1_IRQHandler            
000026ff  T32_INT2_IRQHandler            
000026ff  T32_INTC_IRQHandler            
000026ff  TA0_0_IRQHandler               
000026ff  TA0_N_IRQHandler               
000026ff  TA1_0_IRQHandler               
000026ff  TA1_N_IRQHandler               
000026ff  TA2_0_IRQHandler               
000026ff  TA2_N_IRQHandler               
000026ff  TA3_0_IRQHandler               
000026ff  TA3_N_IRQHandler               
00000acf  TExaS_Clear0                   
00000adb  TExaS_Clear1                   
00000ae7  TExaS_Clear2                   
00000af3  TExaS_Clear3                   
00000aff  TExaS_Clear4                   
00000b01  TExaS_Clear5                   
00000b0d  TExaS_Clear6                   
00000c0d  TExaS_Init                     
200005fc  TExaS_ScopeErrConflict         
200005f8  TExaS_ScopeErrLostData         
20000600  TExaS_ScopeWrnReconfig         
00000a6d  TExaS_Set                      
00000a85  TExaS_Set0                     
00000a91  TExaS_Set1                     
00000a9d  TExaS_Set2                     
00000aa9  TExaS_Set3                     
00000ab5  TExaS_Set4                     
00000ab7  TExaS_Set5                     
00000ac3  TExaS_Set6                     
00000d6d  TExaS_Stop                     
00000a23  TExaS_Task0                    
00000a2f  TExaS_Task1                    
00000a3b  TExaS_Task2                    
00000a47  TExaS_Task3                    
00000a53  TExaS_Task4                    
00000a55  TExaS_Task5                    
00000a61  TExaS_Task6                    
0000012b  UART0_InChar                   
000005b5  UART0_InString                 
00000175  UART0_InUDec                   
00000469  UART0_InUHex                   
000000e5  UART0_Init                     
00000715  UART0_Initprintf               
0000013b  UART0_OutChar                  
00000157  UART0_OutString                
000001f9  UART0_OutUDec                  
00000365  UART0_OutUDec4                 
000003b9  UART0_OutUDec5                 
000003f5  UART0_OutUFix1                 
0000041d  UART0_OutUFix2                 
0000052d  UART0_OutUHex                  
00000599  UART0_OutUHex2                 
000009f7  UART_InChar                    
0000099d  UART_Init                      
00000a07  UART_OutChar                   
000026ff  UsageFault_Handler             
4000480c  WDTCTL_SYM                     
000026ff  WDT_A_IRQHandler               
20000620  __CIOBUF_                      
20010000  __STACK_END                    
00000200  __STACK_SIZE                   
00000400  __SYSMEM_SIZE                  
000027c0  __TI_CINIT_Base                
000027d0  __TI_CINIT_Limit               
000027a8  __TI_Handler_Table_Base        
000027b4  __TI_Handler_Table_Limit       
0000206d  __TI_auto_init                 
000019cd  __TI_cleanup                   
200005e0  __TI_cleanup_ptr               
00001f59  __TI_closefile                 
0000214d  __TI_decompress_lzss           
000026e5  __TI_decompress_none           
00001c81  __TI_doflush                   
200005e4  __TI_dtors_ptr                 
200005e8  __TI_enable_exit_profile_output
200005d0  __TI_ft_end                    
ffffffff  __TI_pprof_out_hndl            
ffffffff  __TI_prof_data_size            
ffffffff  __TI_prof_data_start           
000022b7  __TI_readmsg                   
00000000  __TI_static_base__             
20000740  __TI_tmpnams                   
00002285  __TI_writemsg                  
00002701  __TI_zero_init                 
00001ff1  __aeabi_memclr                 
00001ff1  __aeabi_memclr4                
00001ff1  __aeabi_memclr8                
00001ebd  __aeabi_memcpy                 
00001ebd  __aeabi_memcpy4                
00001ebd  __aeabi_memcpy8                
00001ff3  __aeabi_memset                 
00001ff3  __aeabi_memset4                
00001ff3  __aeabi_memset8                
200005dc  __aeabi_stderr                 
200005d4  __aeabi_stdin                  
200005d8  __aeabi_stdout                 
ffffffff  __binit__                      
ffffffff  __c_args__                     
0000206b  __mpu_init                     
2000fe00  __stack                        
00002661  _args_main                     
00002459  _c_int00                       
200004f0  _device                        
20000400  _ftable                        
20000604  _lock                          
000026b7  _nop                           
000026af  _register_lock                 
000026a9  _register_unlock               
20000568  _stream                        
20000000  _sys_memory                    
0000260b  _system_post_cinit             
0000270d  _system_pre_init               
20000608  _unlock                        
000024b1  abort                          
00001e05  add_device                     
ffffffff  binit                          
00001171  calloc                         
0000234d  close                          
00002501  copy_in                        
00001841  delay                          
000024b9  exit                           
00001fbf  fclose                         
0000064f  ferror                         
00001ccd  fflush                         
0000062f  fgetc                          
000020dd  finddevice                     
00001a23  fopen                          
00000ebb  free                           
000019f9  freopen                        
00002107  getdevice                      
00000000  interruptVectors               
00001ac9  main                           
20000618  main_func_sp                   
00000e51  malloc                         
00001085  memalign                       
00001ebd  memcpy                         
00001ff9  memset                         
00000dd1  minit                          
00001d49  open                           
00000571  outnibble                      
200007e8  parmbuf                        
00000f7b  realloc                        
200007fa  refData                        
0000260d  remove                         
200007fb  sensor_choice                  
00001ba5  setvbuf                        
00002691  strchr                         
00002679  strcmp                         
000026bd  strcpy                         
000026d1  strlen                         
000025d5  strncpy                        
0000066d  uart_close                     
000006eb  uart_lseek                     
0000065d  uart_open                      
0000067f  uart_read                      
00000707  uart_rename                    
000006fb  uart_unlink                    
000006a9  uart_write                     
0000260d  unlink                         
00002639  write                          


GLOBAL SYMBOLS: SORTED BY Symbol Address 

address   name                           
-------   ----                           
00000000  __TI_static_base__             
00000000  interruptVectors               
000000e5  UART0_Init                     
0000012b  UART0_InChar                   
0000013b  UART0_OutChar                  
00000157  UART0_OutString                
00000175  UART0_InUDec                   
000001f9  UART0_OutUDec                  
00000200  __STACK_SIZE                   
00000365  UART0_OutUDec4                 
000003b9  UART0_OutUDec5                 
000003f5  UART0_OutUFix1                 
00000400  __SYSMEM_SIZE                  
0000041d  UART0_OutUFix2                 
00000469  UART0_InUHex                   
0000052d  UART0_OutUHex                  
00000571  outnibble                      
00000599  UART0_OutUHex2                 
000005b5  UART0_InString                 
0000062f  fgetc                          
0000064f  ferror                         
0000065d  uart_open                      
0000066d  uart_close                     
0000067f  uart_read                      
000006a9  uart_write                     
000006eb  uart_lseek                     
000006fb  uart_unlink                    
00000707  uart_rename                    
00000715  UART0_Initprintf               
000007a1  LogicAnalyzer                  
000007ab  LogicAnalyzer_P1               
000007b9  LogicAnalyzer_P2               
000007c7  LogicAnalyzer_P2_7654          
000007d7  LogicAnalyzer_P3               
000007e5  LogicAnalyzer_P4               
000007f3  LogicAnalyzer_P4_765432        
00000803  LogicAnalyzer_P4_765320        
0000083b  LogicAnalyzer_P5               
00000849  LogicAnalyzer_P6               
00000857  LogicAnalyzer_P7               
00000865  LogicAnalyzer_P8               
00000873  LogicAnalyzer_P9               
00000881  LogicAnalyzer_P10              
0000088f  Scope                          
00000913  PeriodicTask2_Init             
0000097d  T32_INT1_IRQHandler            
0000097d  T32_INT1_IRQHandler            
0000098d  PeriodicTask2_Stop             
0000099d  UART_Init                      
000009f7  UART_InChar                    
00000a07  UART_OutChar                   
00000a23  TExaS_Task0                    
00000a2f  TExaS_Task1                    
00000a3b  TExaS_Task2                    
00000a47  TExaS_Task3                    
00000a53  TExaS_Task4                    
00000a55  TExaS_Task5                    
00000a61  TExaS_Task6                    
00000a6d  TExaS_Set                      
00000a85  TExaS_Set0                     
00000a91  TExaS_Set1                     
00000a9d  TExaS_Set2                     
00000aa9  TExaS_Set3                     
00000ab5  TExaS_Set4                     
00000ab7  TExaS_Set5                     
00000ac3  TExaS_Set6                     
00000acf  TExaS_Clear0                   
00000adb  TExaS_Clear1                   
00000ae7  TExaS_Clear2                   
00000af3  TExaS_Clear3                   
00000aff  TExaS_Clear4                   
00000b01  TExaS_Clear5                   
00000b0d  TExaS_Clear6                   
00000b31  ADC_Init                       
00000c0d  TExaS_Init                     
00000d6d  TExaS_Stop                     
00000dd1  minit                          
00000e51  malloc                         
00000ebb  free                           
00000f7b  realloc                        
00001085  memalign                       
00001171  calloc                         
000011a1  SystemCoreClockUpdate          
00001415  SystemInit                     
000014cd  Reflectance_Init               
000014dd  Port5_Init                     
00001511  Port9_Init                     
00001545  Port7_Init                     
00001565  Port7_Output_ChargeCap         
0000157b  Port7_InitToInput              
00001587  Reflectance_Read               
000015d9  Reflectance_Center             
00001643  Reflectance_Position           
00001691  Reflectance_Start              
000016b7  Reflectance_End                
00001725  Clock_Init48MHz                
0000183b  Clock_GetFreq                  
00001841  delay                          
0000184f  Clock_Delay1us                 
00001879  Clock_Delay1ms                 
000019cd  __TI_cleanup                   
000019f9  freopen                        
00001a23  fopen                          
00001ac9  main                           
00001ba5  setvbuf                        
00001c81  __TI_doflush                   
00001ccd  fflush                         
00001d49  open                           
00001e05  add_device                     
00001ebd  __aeabi_memcpy                 
00001ebd  __aeabi_memcpy4                
00001ebd  __aeabi_memcpy8                
00001ebd  memcpy                         
00001f59  __TI_closefile                 
00001fbf  fclose                         
00001ff1  __aeabi_memclr                 
00001ff1  __aeabi_memclr4                
00001ff1  __aeabi_memclr8                
00001ff3  __aeabi_memset                 
00001ff3  __aeabi_memset4                
00001ff3  __aeabi_memset8                
00001ff9  memset                         
0000206b  __mpu_init                     
0000206d  __TI_auto_init                 
000020dd  finddevice                     
00002107  getdevice                      
0000214d  __TI_decompress_lzss           
000021b5  HOSTlseek                      
0000221d  HOSTrename                     
00002285  __TI_writemsg                  
000022b3  C$$IO$$                        
000022b7  __TI_readmsg                   
000022ed  HOSTopen                       
0000234d  close                          
000023a9  HOSTread                       
00002401  HOSTwrite                      
00002459  _c_int00                       
000024ad  C$$EXIT                        
000024b1  abort                          
000024b9  exit                           
00002501  copy_in                        
0000254d  HOSTclose                      
00002591  HOSTunlink                     
000025d5  strncpy                        
0000260b  _system_post_cinit             
0000260d  remove                         
0000260d  unlink                         
00002639  write                          
00002661  _args_main                     
00002679  strcmp                         
00002691  strchr                         
000026a9  _register_unlock               
000026af  _register_lock                 
000026b7  _nop                           
000026bd  strcpy                         
000026d1  strlen                         
000026e5  __TI_decompress_none           
000026f3  Reset_Handler                  
000026ff  ADC14_IRQHandler               
000026ff  AES256_IRQHandler              
000026ff  BusFault_Handler               
000026ff  COMP_E0_IRQHandler             
000026ff  COMP_E1_IRQHandler             
000026ff  CS_IRQHandler                  
000026ff  DMA_ERR_IRQHandler             
000026ff  DMA_INT0_IRQHandler            
000026ff  DMA_INT1_IRQHandler            
000026ff  DMA_INT2_IRQHandler            
000026ff  DMA_INT3_IRQHandler            
000026ff  DebugMon_Handler               
000026ff  Default_Handler                
000026ff  EUSCIA0_IRQHandler             
000026ff  EUSCIA1_IRQHandler             
000026ff  EUSCIA2_IRQHandler             
000026ff  EUSCIA3_IRQHandler             
000026ff  EUSCIB0_IRQHandler             
000026ff  EUSCIB1_IRQHandler             
000026ff  EUSCIB2_IRQHandler             
000026ff  EUSCIB3_IRQHandler             
000026ff  FLCTL_IRQHandler               
000026ff  FPU_IRQHandler                 
000026ff  HardFault_Handler              
000026ff  MemManage_Handler              
000026ff  NMI_Handler                    
000026ff  PCM_IRQHandler                 
000026ff  PORT1_IRQHandler               
000026ff  PORT2_IRQHandler               
000026ff  PORT3_IRQHandler               
000026ff  PORT4_IRQHandler               
000026ff  PORT5_IRQHandler               
000026ff  PORT6_IRQHandler               
000026ff  PSS_IRQHandler                 
000026ff  PendSV_Handler                 
000026ff  RTC_C_IRQHandler               
000026ff  SVC_Handler                    
000026ff  SysTick_Handler                
000026ff  T32_INT2_IRQHandler            
000026ff  T32_INTC_IRQHandler            
000026ff  TA0_0_IRQHandler               
000026ff  TA0_N_IRQHandler               
000026ff  TA1_0_IRQHandler               
000026ff  TA1_N_IRQHandler               
000026ff  TA2_0_IRQHandler               
000026ff  TA2_N_IRQHandler               
000026ff  TA3_0_IRQHandler               
000026ff  TA3_N_IRQHandler               
000026ff  UsageFault_Handler             
000026ff  WDT_A_IRQHandler               
00002701  __TI_zero_init                 
0000270d  _system_pre_init               
000027a8  __TI_Handler_Table_Base        
000027b4  __TI_Handler_Table_Limit       
000027c0  __TI_CINIT_Base                
000027d0  __TI_CINIT_Limit               
20000000  _sys_memory                    
20000400  _ftable                        
200004f0  _device                        
20000568  _stream                        
200005b8  ClockFrequency                 
200005bc  Prewait                        
200005c0  CPMwait                        
200005c4  Postwait                       
200005c8  IFlags                         
200005cc  Crystalstable                  
200005d0  __TI_ft_end                    
200005d4  __aeabi_stdin                  
200005d8  __aeabi_stdout                 
200005dc  __aeabi_stderr                 
200005e0  __TI_cleanup_ptr               
200005e4  __TI_dtors_ptr                 
200005e8  __TI_enable_exit_profile_output
200005f8  TExaS_ScopeErrLostData         
200005fc  TExaS_ScopeErrConflict         
20000600  TExaS_ScopeWrnReconfig         
20000604  _lock                          
20000608  _unlock                        
20000618  main_func_sp                   
2000061c  SystemCoreClock                
20000620  __CIOBUF_                      
20000740  __TI_tmpnams                   
200007e0  Messageb                       
200007e8  parmbuf                        
200007f0  Messageindexb                  
200007f4  PeriodicTask2                  
200007f8  Data                           
200007f9  LogicData                      
200007fa  refData                        
200007fb  sensor_choice                  
2000fe00  __stack                        
20010000  __STACK_END                    
4000480c  WDTCTL_SYM                     
ffffffff  __TI_pprof_out_hndl            
ffffffff  __TI_prof_data_size            
ffffffff  __TI_prof_data_start           
ffffffff  __binit__                      
ffffffff  __c_args__                     
ffffffff  binit                          
UNDEFED   SHT$$INIT_ARRAY$$Base          
UNDEFED   SHT$$INIT_ARRAY$$Limit         

[259 symbols]
