******************************************************************************
                  TI ARM Linker PC v16.9.6                     
******************************************************************************
>> Linked Wed Nov 13 11:47:27 2024

OUTPUT FILE NAME:   <Lab3_TimerCompare_Motor.out>
ENTRY POINT SYMBOL: "_c_int00"  address: 000014d1


MEMORY CONFIGURATION

         name            origin    length      used     unused   attr    fill
----------------------  --------  ---------  --------  --------  ----  --------
  MAIN                  00000000   00040000  0000165e  0003e9a2  R  X
  INFO                  00200000   00004000  00000000  00004000  R  X
  SRAM_CODE             01000000   00010000  0000064b  0000f9b5  RW X
  SRAM_DATA             20000000   00010000  0000064b  0000f9b5  RW  


SEGMENT ALLOCATION MAP

run origin  load origin   length   init length attrs members
----------  ----------- ---------- ----------- ----- -------
00000000    00000000    00001660   00001660    r-x
  00000000    00000000    000000e4   000000e4    r-- .intvecs
  000000e4    000000e4    0000153a   0000153a    r-x .text
  00001620    00001620    00000040   00000040    r-- .cinit
20000000    20000000    0000044e   00000000    rw-
  20000000    20000000    00000400   00000000    rw- .sysmem
  20000400    20000400    00000041   00000000    rw- .data
  20000444    20000444    0000000a   00000000    rw- .bss
2000fe00    2000fe00    00000200   00000000    rw-
  2000fe00    2000fe00    00000200   00000000    rw- .stack


SECTION ALLOCATION MAP

 output                                  attributes/
section   page    origin      length       input sections
--------  ----  ----------  ----------   ----------------
.intvecs   0    00000000    000000e4     
                  00000000    000000e4     startup_msp432p401r_ccs.obj (.intvecs:retain)

.binit     0    00000000    00000000     

.text      0    000000e4    0000153a     
                  000000e4    00000630     TExaS.obj (.text)
                  00000714    0000032c     system_msp432p401r.obj (.text)
                  00000a40    000001e0     Clock.obj (.text)
                  00000c20    000001b0     Motor.obj (.text)
                  00000dd0    00000160     Lab3_Timersmain.obj (.text)
                  00000f30    00000128     Bump.obj (.text)
                  00001058    000000f4     LaunchPad.obj (.text)
                  0000114c    000000ec     PWM.obj (.text)
                  00001238    000000a8     TimerA1.obj (.text)
                  000012e0    0000009c     rtsv7M4_T_le_v4SPD16_eabi.lib : memcpy_t2.obj (.text)
                  0000137c    0000007a                                   : memset_t2.obj (.text)
                  000013f6    00000002                                   : mpu_init.obj (.text)
                  000013f8    00000070                                   : autoinit.obj (.text)
                  00001468    00000068                                   : copy_decompress_lzss.obj (.text:decompress:lzss)
                  000014d0    00000054                                   : boot.obj (.text)
                  00001524    00000054                                   : exit.obj (.text)
                  00001578    0000004c                                   : cpy_tbl.obj (.text)
                  000015c4    00000018                                   : args_main.obj (.text)
                  000015dc    00000014                                   : _lock.obj (.text)
                  000015f0    0000000e                                   : copy_decompress_none.obj (.text:decompress:none)
                  000015fe    0000000e     startup_msp432p401r_ccs.obj (.text)
                  0000160c    0000000c     rtsv7M4_T_le_v4SPD16_eabi.lib : copy_zero_init.obj (.text:decompress:ZI)
                  00001618    00000004                                   : pre_init.obj (.text)
                  0000161c    00000002                                   : startup.obj (.text)

.cinit     0    00001620    00000040     
                  00001620    00000017     (.cinit..data.load) [load image, compression = lzss]
                  00001637    00000001     --HOLE-- [fill = 0]
                  00001638    0000000c     (__TI_handler_table)
                  00001644    00000004     --HOLE-- [fill = 0]
                  00001648    00000008     (.cinit..bss.load) [load image, compression = zero_init]
                  00001650    00000010     (__TI_cinit_table)

.init_array 
*          0    00000000    00000000     UNINITIALIZED

.sysmem    0    20000000    00000400     UNINITIALIZED
                  20000000    00000008     rtsv7M4_T_le_v4SPD16_eabi.lib : memory.obj (.sysmem)
                  20000008    000003f8     --HOLE--

.data      0    20000400    00000041     UNINITIALIZED
                  20000400    00000018     Clock.obj (.data)
                  20000418    0000000c     rtsv7M4_T_le_v4SPD16_eabi.lib : exit.obj (.data:$O1$$)
                  20000424    0000000c     TExaS.obj (.data)
                  20000430    00000008     rtsv7M4_T_le_v4SPD16_eabi.lib : _lock.obj (.data:$O1$$)
                  20000438    00000004                                   : stkdepth_vars.obj (.data)
                  2000043c    00000004     system_msp432p401r.obj (.data)
                  20000440    00000001     Lab3_Timersmain.obj (.data)

.bss       0    20000444    0000000a     UNINITIALIZED
                  20000444    00000004     (.common:PeriodicTask2)
                  20000448    00000004     (.common:TimerA1Task)
                  2000044c    00000001     (.common:LogicData)
                  2000044d    00000001     (.common:data)

.stack     0    2000fe00    00000200     UNINITIALIZED
                  2000fe00    00000200     --HOLE--

MODULE SUMMARY

       Module                        code   ro data   rw data
       ------                        ----   -------   -------
    .\
       TExaS.obj                     1584   0         34     
       system_msp432p401r.obj        812    0         8      
       Clock.obj                     480    0         48     
       Motor.obj                     432    0         0      
       Lab3_Timersmain.obj           352    0         2      
       Bump.obj                      296    0         2      
       LaunchPad.obj                 244    0         0      
       startup_msp432p401r_ccs.obj   14     228       0      
       PWM.obj                       236    0         0      
       TimerA1.obj                   168    0         8      
    +--+-----------------------------+------+---------+---------+
       Total:                        4618   228       102    
                                                             
    C:\ti\ccsv7\tools\compiler\ti-cgt-arm_16.9.6.LTS\lib\rtsv7M4_T_le_v4SPD16_eabi.lib
       memcpy_t2.obj                 156    0         0      
       memset_t2.obj                 122    0         0      
       autoinit.obj                  112    0         0      
       exit.obj                      84     0         24     
       copy_decompress_lzss.obj      104    0         0      
       boot.obj                      84     0         0      
       cpy_tbl.obj                   76     0         0      
       _lock.obj                     20     0         16     
       args_main.obj                 24     0         0      
       copy_decompress_none.obj      14     0         0      
       copy_zero_init.obj            12     0         0      
       stkdepth_vars.obj             0      0         8      
       pre_init.obj                  4      0         0      
       mpu_init.obj                  2      0         0      
       startup.obj                   2      0         0      
    +--+-----------------------------+------+---------+---------+
       Total:                        816    0         48     
                                                             
       Heap:                         0      0         2048   
       Stack:                        0      0         1024   
       Linker Generated:             0      59        0      
    +--+-----------------------------+------+---------+---------+
       Grand Total:                  5434   287       3222   


LINKER GENERATED COPY TABLES

__TI_cinit_table @ 00001650 records: 2, size/record: 8, table size: 16
	.data: load addr=00001620, load size=00000017 bytes, run addr=20000400, run size=00000041 bytes, compression=lzss
	.bss: load addr=00001648, load size=00000008 bytes, run addr=20000444, run size=0000000a bytes, compression=zero_init


LINKER GENERATED HANDLER TABLE

__TI_handler_table @ 00001638 records: 3, size/record: 4, table size: 12
	index: 0, handler: __TI_decompress_lzss
	index: 1, handler: __TI_decompress_none
	index: 2, handler: __TI_zero_init


GLOBAL SYMBOLS: SORTED ALPHABETICALLY BY Name 

address   name                           
-------   ----                           
0000160b  ADC14_IRQHandler               
00000475  ADC_Init                       
0000160b  AES256_IRQHandler              
00000f31  Bump_Init                      
00000f99  Bump_Read                      
0000160b  BusFault_Handler               
00001525  C$$EXIT                        
0000160b  COMP_E0_IRQHandler             
0000160b  COMP_E1_IRQHandler             
20000408  CPMwait                        
0000160b  CS_IRQHandler                  
20000400  ClockFrequency                 
00000b95  Clock_Delay1ms                 
00000b6b  Clock_Delay1us                 
00000b57  Clock_GetFreq                  
00000a41  Clock_Init48MHz                
20000414  Crystalstable                  
0000160b  DMA_ERR_IRQHandler             
0000160b  DMA_INT0_IRQHandler            
0000160b  DMA_INT1_IRQHandler            
0000160b  DMA_INT2_IRQHandler            
0000160b  DMA_INT3_IRQHandler            
0000160b  DebugMon_Handler               
0000160b  Default_Handler                
0000160b  EUSCIA0_IRQHandler             
0000160b  EUSCIA1_IRQHandler             
0000160b  EUSCIA2_IRQHandler             
0000160b  EUSCIA3_IRQHandler             
0000160b  EUSCIB0_IRQHandler             
0000160b  EUSCIB1_IRQHandler             
0000160b  EUSCIB2_IRQHandler             
0000160b  EUSCIB3_IRQHandler             
0000160b  FLCTL_IRQHandler               
0000160b  FPU_IRQHandler                 
0000160b  HardFault_Handler              
20000410  IFlags                         
00001059  LaunchPad_Init                 
000010c9  LaunchPad_Input                
000010e3  LaunchPad_LED                  
00001101  LaunchPad_Output               
000000e5  LogicAnalyzer                  
000000ef  LogicAnalyzer_P1               
000001c5  LogicAnalyzer_P10              
000000fd  LogicAnalyzer_P2               
0000010b  LogicAnalyzer_P2_7654          
0000011b  LogicAnalyzer_P3               
00000129  LogicAnalyzer_P4               
00000147  LogicAnalyzer_P4_765320        
00000137  LogicAnalyzer_P4_765432        
0000017f  LogicAnalyzer_P5               
0000018d  LogicAnalyzer_P6               
0000019b  LogicAnalyzer_P7               
000001a9  LogicAnalyzer_P8               
000001b7  LogicAnalyzer_P9               
2000044c  LogicData                      
0000160b  MemManage_Handler              
00000d71  Motor_Backward                 
00000ccd  Motor_Forward                  
00000c21  Motor_Init                     
00000d37  Motor_Left                     
00000cfd  Motor_Right                    
00000ca9  Motor_Stop                     
0000160b  NMI_Handler                    
0000160b  PCM_IRQHandler                 
0000160b  PORT1_IRQHandler               
0000160b  PORT2_IRQHandler               
0000160b  PORT3_IRQHandler               
0000160b  PORT4_IRQHandler               
0000160b  PORT5_IRQHandler               
0000160b  PORT6_IRQHandler               
0000160b  PSS_IRQHandler                 
000011d1  PWM_Duty3                      
000011f1  PWM_Duty4                      
0000114d  PWM_Init34                     
0000160b  PendSV_Handler                 
20000444  PeriodicTask2                  
00000257  PeriodicTask2_Init             
000002d1  PeriodicTask2_Stop             
2000040c  Postwait                       
20000404  Prewait                        
0000160b  RTC_C_IRQHandler               
000015ff  Reset_Handler                  
UNDEFED   SHT$$INIT_ARRAY$$Base          
UNDEFED   SHT$$INIT_ARRAY$$Limit         
0000160b  SVC_Handler                    
000001d3  Scope                          
0000160b  SysTick_Handler                
2000043c  SystemCoreClock                
00000715  SystemCoreClockUpdate          
00000989  SystemInit                     
000002c1  T32_INT1_IRQHandler            
000002c1  T32_INT1_IRQHandler            
0000160b  T32_INT2_IRQHandler            
0000160b  T32_INTC_IRQHandler            
0000160b  TA0_0_IRQHandler               
0000160b  TA0_N_IRQHandler               
000012ab  TA1_0_IRQHandler               
000012ab  TA1_0_IRQHandler               
0000160b  TA1_N_IRQHandler               
0000160b  TA2_0_IRQHandler               
0000160b  TA2_N_IRQHandler               
0000160b  TA3_0_IRQHandler               
0000160b  TA3_N_IRQHandler               
00000413  TExaS_Clear0                   
0000041f  TExaS_Clear1                   
0000042b  TExaS_Clear2                   
00000437  TExaS_Clear3                   
00000443  TExaS_Clear4                   
00000445  TExaS_Clear5                   
00000451  TExaS_Clear6                   
00000551  TExaS_Init                     
20000428  TExaS_ScopeErrConflict         
20000424  TExaS_ScopeErrLostData         
2000042c  TExaS_ScopeWrnReconfig         
000003b1  TExaS_Set                      
000003c9  TExaS_Set0                     
000003d5  TExaS_Set1                     
000003e1  TExaS_Set2                     
000003ed  TExaS_Set3                     
000003f9  TExaS_Set4                     
000003fb  TExaS_Set5                     
00000407  TExaS_Set6                     
000006b1  TExaS_Stop                     
00000367  TExaS_Task0                    
00000373  TExaS_Task1                    
0000037f  TExaS_Task2                    
0000038b  TExaS_Task3                    
00000397  TExaS_Task4                    
00000399  TExaS_Task5                    
000003a5  TExaS_Task6                    
00000df1  Task                           
00000dd1  TimedPause                     
20000448  TimerA1Task                    
00001239  TimerA1_Init                   
00001297  TimerA1_Stop                   
0000033b  UART_InChar                    
000002e1  UART_Init                      
0000034b  UART_OutChar                   
0000160b  UsageFault_Handler             
4000480c  WDTCTL_SYM                     
0000160b  WDT_A_IRQHandler               
20010000  __STACK_END                    
00000200  __STACK_SIZE                   
00000400  __SYSMEM_SIZE                  
00001650  __TI_CINIT_Base                
00001660  __TI_CINIT_Limit               
00001638  __TI_Handler_Table_Base        
00001644  __TI_Handler_Table_Limit       
000013f9  __TI_auto_init                 
20000418  __TI_cleanup_ptr               
00001469  __TI_decompress_lzss           
000015f1  __TI_decompress_none           
2000041c  __TI_dtors_ptr                 
20000420  __TI_enable_exit_profile_output
ffffffff  __TI_pprof_out_hndl            
ffffffff  __TI_prof_data_size            
ffffffff  __TI_prof_data_start           
00000000  __TI_static_base__             
0000160d  __TI_zero_init                 
0000137d  __aeabi_memclr                 
0000137d  __aeabi_memclr4                
0000137d  __aeabi_memclr8                
000012e1  __aeabi_memcpy                 
000012e1  __aeabi_memcpy4                
000012e1  __aeabi_memcpy8                
0000137f  __aeabi_memset                 
0000137f  __aeabi_memset4                
0000137f  __aeabi_memset8                
ffffffff  __binit__                      
ffffffff  __c_args__                     
000013f7  __mpu_init                     
2000fe00  __stack                        
000015c5  _args_main                     
000014d1  _c_int00                       
20000430  _lock                          
000015eb  _nop                           
000015e3  _register_lock                 
000015dd  _register_unlock               
20000000  _sys_memory                    
0000161d  _system_post_cinit             
00001619  _system_pre_init               
20000434  _unlock                        
00001529  abort                          
ffffffff  binit                          
00001579  copy_in                        
2000044d  data                           
00000b5d  delay                          
00001531  exit                           
00000000  interruptVectors               
00000e29  main                           
20000438  main_func_sp                   
000012e1  memcpy                         
00001385  memset                         


GLOBAL SYMBOLS: SORTED BY Symbol Address 

address   name                           
-------   ----                           
00000000  __TI_static_base__             
00000000  interruptVectors               
000000e5  LogicAnalyzer                  
000000ef  LogicAnalyzer_P1               
000000fd  LogicAnalyzer_P2               
0000010b  LogicAnalyzer_P2_7654          
0000011b  LogicAnalyzer_P3               
00000129  LogicAnalyzer_P4               
00000137  LogicAnalyzer_P4_765432        
00000147  LogicAnalyzer_P4_765320        
0000017f  LogicAnalyzer_P5               
0000018d  LogicAnalyzer_P6               
0000019b  LogicAnalyzer_P7               
000001a9  LogicAnalyzer_P8               
000001b7  LogicAnalyzer_P9               
000001c5  LogicAnalyzer_P10              
000001d3  Scope                          
00000200  __STACK_SIZE                   
00000257  PeriodicTask2_Init             
000002c1  T32_INT1_IRQHandler            
000002c1  T32_INT1_IRQHandler            
000002d1  PeriodicTask2_Stop             
000002e1  UART_Init                      
0000033b  UART_InChar                    
0000034b  UART_OutChar                   
00000367  TExaS_Task0                    
00000373  TExaS_Task1                    
0000037f  TExaS_Task2                    
0000038b  TExaS_Task3                    
00000397  TExaS_Task4                    
00000399  TExaS_Task5                    
000003a5  TExaS_Task6                    
000003b1  TExaS_Set                      
000003c9  TExaS_Set0                     
000003d5  TExaS_Set1                     
000003e1  TExaS_Set2                     
000003ed  TExaS_Set3                     
000003f9  TExaS_Set4                     
000003fb  TExaS_Set5                     
00000400  __SYSMEM_SIZE                  
00000407  TExaS_Set6                     
00000413  TExaS_Clear0                   
0000041f  TExaS_Clear1                   
0000042b  TExaS_Clear2                   
00000437  TExaS_Clear3                   
00000443  TExaS_Clear4                   
00000445  TExaS_Clear5                   
00000451  TExaS_Clear6                   
00000475  ADC_Init                       
00000551  TExaS_Init                     
000006b1  TExaS_Stop                     
00000715  SystemCoreClockUpdate          
00000989  SystemInit                     
00000a41  Clock_Init48MHz                
00000b57  Clock_GetFreq                  
00000b5d  delay                          
00000b6b  Clock_Delay1us                 
00000b95  Clock_Delay1ms                 
00000c21  Motor_Init                     
00000ca9  Motor_Stop                     
00000ccd  Motor_Forward                  
00000cfd  Motor_Right                    
00000d37  Motor_Left                     
00000d71  Motor_Backward                 
00000dd1  TimedPause                     
00000df1  Task                           
00000e29  main                           
00000f31  Bump_Init                      
00000f99  Bump_Read                      
00001059  LaunchPad_Init                 
000010c9  LaunchPad_Input                
000010e3  LaunchPad_LED                  
00001101  LaunchPad_Output               
0000114d  PWM_Init34                     
000011d1  PWM_Duty3                      
000011f1  PWM_Duty4                      
00001239  TimerA1_Init                   
00001297  TimerA1_Stop                   
000012ab  TA1_0_IRQHandler               
000012ab  TA1_0_IRQHandler               
000012e1  __aeabi_memcpy                 
000012e1  __aeabi_memcpy4                
000012e1  __aeabi_memcpy8                
000012e1  memcpy                         
0000137d  __aeabi_memclr                 
0000137d  __aeabi_memclr4                
0000137d  __aeabi_memclr8                
0000137f  __aeabi_memset                 
0000137f  __aeabi_memset4                
0000137f  __aeabi_memset8                
00001385  memset                         
000013f7  __mpu_init                     
000013f9  __TI_auto_init                 
00001469  __TI_decompress_lzss           
000014d1  _c_int00                       
00001525  C$$EXIT                        
00001529  abort                          
00001531  exit                           
00001579  copy_in                        
000015c5  _args_main                     
000015dd  _register_unlock               
000015e3  _register_lock                 
000015eb  _nop                           
000015f1  __TI_decompress_none           
000015ff  Reset_Handler                  
0000160b  ADC14_IRQHandler               
0000160b  AES256_IRQHandler              
0000160b  BusFault_Handler               
0000160b  COMP_E0_IRQHandler             
0000160b  COMP_E1_IRQHandler             
0000160b  CS_IRQHandler                  
0000160b  DMA_ERR_IRQHandler             
0000160b  DMA_INT0_IRQHandler            
0000160b  DMA_INT1_IRQHandler            
0000160b  DMA_INT2_IRQHandler            
0000160b  DMA_INT3_IRQHandler            
0000160b  DebugMon_Handler               
0000160b  Default_Handler                
0000160b  EUSCIA0_IRQHandler             
0000160b  EUSCIA1_IRQHandler             
0000160b  EUSCIA2_IRQHandler             
0000160b  EUSCIA3_IRQHandler             
0000160b  EUSCIB0_IRQHandler             
0000160b  EUSCIB1_IRQHandler             
0000160b  EUSCIB2_IRQHandler             
0000160b  EUSCIB3_IRQHandler             
0000160b  FLCTL_IRQHandler               
0000160b  FPU_IRQHandler                 
0000160b  HardFault_Handler              
0000160b  MemManage_Handler              
0000160b  NMI_Handler                    
0000160b  PCM_IRQHandler                 
0000160b  PORT1_IRQHandler               
0000160b  PORT2_IRQHandler               
0000160b  PORT3_IRQHandler               
0000160b  PORT4_IRQHandler               
0000160b  PORT5_IRQHandler               
0000160b  PORT6_IRQHandler               
0000160b  PSS_IRQHandler                 
0000160b  PendSV_Handler                 
0000160b  RTC_C_IRQHandler               
0000160b  SVC_Handler                    
0000160b  SysTick_Handler                
0000160b  T32_INT2_IRQHandler            
0000160b  T32_INTC_IRQHandler            
0000160b  TA0_0_IRQHandler               
0000160b  TA0_N_IRQHandler               
0000160b  TA1_N_IRQHandler               
0000160b  TA2_0_IRQHandler               
0000160b  TA2_N_IRQHandler               
0000160b  TA3_0_IRQHandler               
0000160b  TA3_N_IRQHandler               
0000160b  UsageFault_Handler             
0000160b  WDT_A_IRQHandler               
0000160d  __TI_zero_init                 
00001619  _system_pre_init               
0000161d  _system_post_cinit             
00001638  __TI_Handler_Table_Base        
00001644  __TI_Handler_Table_Limit       
00001650  __TI_CINIT_Base                
00001660  __TI_CINIT_Limit               
20000000  _sys_memory                    
20000400  ClockFrequency                 
20000404  Prewait                        
20000408  CPMwait                        
2000040c  Postwait                       
20000410  IFlags                         
20000414  Crystalstable                  
20000418  __TI_cleanup_ptr               
2000041c  __TI_dtors_ptr                 
20000420  __TI_enable_exit_profile_output
20000424  TExaS_ScopeErrLostData         
20000428  TExaS_ScopeErrConflict         
2000042c  TExaS_ScopeWrnReconfig         
20000430  _lock                          
20000434  _unlock                        
20000438  main_func_sp                   
2000043c  SystemCoreClock                
20000444  PeriodicTask2                  
20000448  TimerA1Task                    
2000044c  LogicData                      
2000044d  data                           
2000fe00  __stack                        
20010000  __STACK_END                    
4000480c  WDTCTL_SYM                     
ffffffff  __TI_pprof_out_hndl            
ffffffff  __TI_prof_data_size            
ffffffff  __TI_prof_data_start           
ffffffff  __binit__                      
ffffffff  __c_args__                     
ffffffff  binit                          
UNDEFED   SHT$$INIT_ARRAY$$Base          
UNDEFED   SHT$$INIT_ARRAY$$Limit         

[193 symbols]
